<?xml version="1.0" encoding="ISO-8859-1" ?>
<link_info>
   <banner>TI ARM Clang Linker PC v2.1.2.LTS</banner>
   <copyright>Copyright (c) 1996-2018 Texas Instruments Incorporated</copyright>
   <link_time>0x63d312c3</link_time>
   <link_errors>0x0</link_errors>
   <output_file>mspm0-linux-spi-rtc.out</output_file>
   <entry_point>
      <name>_c_int00_noargs</name>
      <address>0xd49</address>
   </entry_point>
   <input_file_list>
      <input_file id="fl-1">
         <path>.\</path>
         <kind>object</kind>
         <file>mspm0-linux-spi-rtc.o</file>
         <name>mspm0-linux-spi-rtc.o</name>
      </input_file>
      <input_file id="fl-2">
         <path>.\syscfg\</path>
         <kind>object</kind>
         <file>ti_msp_dl_config.o</file>
         <name>ti_msp_dl_config.o</name>
      </input_file>
      <input_file id="fl-3">
         <path>.\</path>
         <kind>object</kind>
         <file>rtc.o</file>
         <name>rtc.o</name>
      </input_file>
      <input_file id="fl-4">
         <path>.\</path>
         <kind>object</kind>
         <file>spi_target.o</file>
         <name>spi_target.o</name>
      </input_file>
      <input_file id="fl-5">
         <path>.\ticlang\</path>
         <kind>object</kind>
         <file>startup_mspm0g3507_ticlang.o</file>
         <name>startup_mspm0g3507_ticlang.o</name>
      </input_file>
      <input_file id="fl-11">
         <kind>object</kind>
         <file>&lt;internal&gt;</file>
         <name>&lt;internal&gt;</name>
      </input_file>
      <input_file id="fl-12">
         <path>C:\ti\mspm0_sdk_0_52_00_03_eng\source\ti\driverlib\lib\ticlang\m0p\mspm0g\</path>
         <kind>archive</kind>
         <file>driverlib.a</file>
         <name>dl_common.o</name>
      </input_file>
      <input_file id="fl-13">
         <path>C:\ti\mspm0_sdk_0_52_00_03_eng\source\ti\driverlib\lib\ticlang\m0p\mspm0g\</path>
         <kind>archive</kind>
         <file>driverlib.a</file>
         <name>dl_rtc.o</name>
      </input_file>
      <input_file id="fl-14">
         <path>C:\ti\mspm0_sdk_0_52_00_03_eng\source\ti\driverlib\lib\ticlang\m0p\mspm0g\</path>
         <kind>archive</kind>
         <file>driverlib.a</file>
         <name>dl_spi.o</name>
      </input_file>
      <input_file id="fl-15">
         <path>C:\ti\mspm0_sdk_0_52_00_03_eng\source\ti\driverlib\lib\ticlang\m0p\mspm0g\</path>
         <kind>archive</kind>
         <file>driverlib.a</file>
         <name>dl_sysctl_mspm0g.o</name>
      </input_file>
      <input_file id="fl-21">
         <path>C:\ti\ccs1210\ccs\tools\compiler\ti-cgt-armllvm_2.1.2.LTS\lib\armv6m-ti-none-eabi\c\</path>
         <kind>archive</kind>
         <file>libc.a</file>
         <name>copy_zero_init.c.obj</name>
      </input_file>
      <input_file id="fl-22">
         <path>C:\ti\ccs1210\ccs\tools\compiler\ti-cgt-armllvm_2.1.2.LTS\lib\armv6m-ti-none-eabi\c\</path>
         <kind>archive</kind>
         <file>libc.a</file>
         <name>copy_decompress_none.c.obj</name>
      </input_file>
      <input_file id="fl-23">
         <path>C:\ti\ccs1210\ccs\tools\compiler\ti-cgt-armllvm_2.1.2.LTS\lib\armv6m-ti-none-eabi\c\</path>
         <kind>archive</kind>
         <file>libc.a</file>
         <name>copy_decompress_lzss.c.obj</name>
      </input_file>
      <input_file id="fl-24">
         <path>C:\ti\ccs1210\ccs\tools\compiler\ti-cgt-armllvm_2.1.2.LTS\lib\armv6m-ti-none-eabi\c\</path>
         <kind>archive</kind>
         <file>libc.a</file>
         <name>boot_cortex_m.c.obj</name>
      </input_file>
      <input_file id="fl-25">
         <path>C:\ti\ccs1210\ccs\tools\compiler\ti-cgt-armllvm_2.1.2.LTS\lib\armv6m-ti-none-eabi\c\</path>
         <kind>archive</kind>
         <file>libc.a</file>
         <name>mathacl_init.c.obj</name>
      </input_file>
      <input_file id="fl-26">
         <path>C:\ti\ccs1210\ccs\tools\compiler\ti-cgt-armllvm_2.1.2.LTS\lib\armv6m-ti-none-eabi\c\</path>
         <kind>archive</kind>
         <file>libc.a</file>
         <name>exit.c.obj</name>
      </input_file>
      <input_file id="fl-27">
         <path>C:\ti\ccs1210\ccs\tools\compiler\ti-cgt-armllvm_2.1.2.LTS\lib\armv6m-ti-none-eabi\c\</path>
         <kind>archive</kind>
         <file>libc.a</file>
         <name>_lock.c.obj</name>
      </input_file>
      <input_file id="fl-28">
         <path>C:\ti\ccs1210\ccs\tools\compiler\ti-cgt-armllvm_2.1.2.LTS\lib\armv6m-ti-none-eabi\c\</path>
         <kind>archive</kind>
         <file>libc.a</file>
         <name>args_main.c.obj</name>
      </input_file>
      <input_file id="fl-29">
         <path>C:\ti\ccs1210\ccs\tools\compiler\ti-cgt-armllvm_2.1.2.LTS\lib\armv6m-ti-none-eabi\c\</path>
         <kind>archive</kind>
         <file>libc.a</file>
         <name>autoinit.c.obj</name>
      </input_file>
      <input_file id="fl-2a">
         <path>C:\ti\ccs1210\ccs\tools\compiler\ti-cgt-armllvm_2.1.2.LTS\lib\armv6m-ti-none-eabi\c\</path>
         <kind>archive</kind>
         <file>libc.a</file>
         <name>pre_init.c.obj</name>
      </input_file>
      <input_file id="fl-2b">
         <path>C:\ti\ccs1210\ccs\tools\compiler\ti-cgt-armllvm_2.1.2.LTS\lib\armv6m-ti-none-eabi\c\</path>
         <kind>archive</kind>
         <file>libc.a</file>
         <name>cpy_tbl.c.obj</name>
      </input_file>
      <input_file id="fl-64">
         <path>C:\ti\ccs1210\ccs\tools\compiler\ti-cgt-armllvm_2.1.2.LTS\lib\clang\14.0.6\lib\armv6m-ti-none-eabi\</path>
         <kind>archive</kind>
         <file>libclang_rt.builtins.a</file>
         <name>aeabi_memcpy.S.obj</name>
      </input_file>
      <input_file id="fl-65">
         <path>C:\ti\ccs1210\ccs\tools\compiler\ti-cgt-armllvm_2.1.2.LTS\lib\clang\14.0.6\lib\armv6m-ti-none-eabi\</path>
         <kind>archive</kind>
         <file>libclang_rt.builtins.a</file>
         <name>aeabi_memset.S.obj</name>
      </input_file>
      <input_file id="fl-66">
         <path>C:\ti\ccs1210\ccs\tools\compiler\ti-cgt-armllvm_2.1.2.LTS\lib\armv6m-ti-none-eabi\c\</path>
         <kind>archive</kind>
         <file>libc.a</file>
         <name>memcpy16.S.obj</name>
      </input_file>
      <input_file id="fl-67">
         <path>C:\ti\ccs1210\ccs\tools\compiler\ti-cgt-armllvm_2.1.2.LTS\lib\armv6m-ti-none-eabi\c\</path>
         <kind>archive</kind>
         <file>libc.a</file>
         <name>memset16.S.obj</name>
      </input_file>
   </input_file_list>
   <object_component_list>
      <object_component id="oc-15">
         <name>.intvecs</name>
         <load_address>0x0</load_address>
         <run_address>0x0</run_address>
         <size>0xc0</size>
         <input_file_ref idref="fl-5"/>
      </object_component>
      <object_component id="oc-a6">
         <name>.text.rtc_init</name>
         <load_address>0xc0</load_address>
         <run_address>0xc0</run_address>
         <size>0x1e8</size>
         <input_file_ref idref="fl-3"/>
      </object_component>
      <object_component id="oc-a7">
         <name>.text.rtc_runRTC</name>
         <load_address>0x2a8</load_address>
         <run_address>0x2a8</run_address>
         <size>0x18c</size>
         <input_file_ref idref="fl-3"/>
      </object_component>
      <object_component id="oc-8c">
         <name>.text.rtc_setWakeInt</name>
         <load_address>0x434</load_address>
         <run_address>0x434</run_address>
         <size>0xec</size>
         <input_file_ref idref="fl-3"/>
      </object_component>
      <object_component id="oc-5e">
         <name>.text.spi_targetRx</name>
         <load_address>0x520</load_address>
         <run_address>0x520</run_address>
         <size>0xe0</size>
         <input_file_ref idref="fl-4"/>
      </object_component>
      <object_component id="oc-2d">
         <name>.text.SPI1_IRQHandler</name>
         <load_address>0x600</load_address>
         <run_address>0x600</run_address>
         <size>0xbc</size>
         <input_file_ref idref="fl-4"/>
      </object_component>
      <object_component id="oc-9c">
         <name>.text:memcpy</name>
         <load_address>0x6bc</load_address>
         <run_address>0x6bc</run_address>
         <size>0x9a</size>
         <input_file_ref idref="fl-66"/>
      </object_component>
      <object_component id="oc-27">
         <name>.text.Default_Handler</name>
         <load_address>0x756</load_address>
         <run_address>0x756</run_address>
         <size>0x2</size>
         <input_file_ref idref="fl-5"/>
      </object_component>
      <object_component id="oc-fe">
         <name>.text.DL_RTC_initCalendar</name>
         <load_address>0x758</load_address>
         <run_address>0x758</run_address>
         <size>0x94</size>
         <input_file_ref idref="fl-13"/>
      </object_component>
      <object_component id="oc-5d">
         <name>.text.spi_targetTx</name>
         <load_address>0x7ec</load_address>
         <run_address>0x7ec</run_address>
         <size>0x94</size>
         <input_file_ref idref="fl-4"/>
      </object_component>
      <object_component id="oc-d8">
         <name>.text.DL_RTC_getCalendarTime</name>
         <load_address>0x880</load_address>
         <run_address>0x880</run_address>
         <size>0x7c</size>
         <input_file_ref idref="fl-13"/>
      </object_component>
      <object_component id="oc-75">
         <name>.text.main</name>
         <load_address>0x8fc</load_address>
         <run_address>0x8fc</run_address>
         <size>0x6c</size>
         <input_file_ref idref="fl-1"/>
      </object_component>
      <object_component id="oc-19">
         <name>.text:decompress:lzss</name>
         <load_address>0x968</load_address>
         <run_address>0x968</run_address>
         <size>0x68</size>
         <input_file_ref idref="fl-23"/>
      </object_component>
      <object_component id="oc-d2">
         <name>.text.SYSCFG_DL_SPI_target_init</name>
         <load_address>0x9d0</load_address>
         <run_address>0x9d0</run_address>
         <size>0x64</size>
         <input_file_ref idref="fl-2"/>
      </object_component>
      <object_component id="oc-f2">
         <name>.text.DL_SYSCTL_setLFCLKSourceLFXT</name>
         <load_address>0xa34</load_address>
         <run_address>0xa34</run_address>
         <size>0x60</size>
         <input_file_ref idref="fl-15"/>
      </object_component>
      <object_component id="oc-d0">
         <name>.text.SYSCFG_DL_SYSCTL_init</name>
         <load_address>0xa94</load_address>
         <run_address>0xa94</run_address>
         <size>0x58</size>
         <input_file_ref idref="fl-2"/>
      </object_component>
      <object_component id="oc-d7">
         <name>.text.rtc_periph_init</name>
         <load_address>0xaec</load_address>
         <run_address>0xaec</run_address>
         <size>0x54</size>
         <input_file_ref idref="fl-3"/>
      </object_component>
      <object_component id="oc-cf">
         <name>.text.SYSCFG_DL_GPIO_init</name>
         <load_address>0xb40</load_address>
         <run_address>0xb40</run_address>
         <size>0x50</size>
         <input_file_ref idref="fl-2"/>
      </object_component>
      <object_component id="oc-92">
         <name>.text.rtc_setDate</name>
         <load_address>0xb90</load_address>
         <run_address>0xb90</run_address>
         <size>0x4c</size>
         <input_file_ref idref="fl-3"/>
      </object_component>
      <object_component id="oc-28">
         <name>.text.GROUP1_IRQHandler</name>
         <load_address>0xbdc</load_address>
         <run_address>0xbdc</run_address>
         <size>0x48</size>
         <input_file_ref idref="fl-4"/>
      </object_component>
      <object_component id="oc-fb">
         <name>.text.DL_SPI_init</name>
         <load_address>0xc24</load_address>
         <run_address>0xc24</run_address>
         <size>0x44</size>
         <input_file_ref idref="fl-14"/>
      </object_component>
      <object_component id="oc-ce">
         <name>.text.SYSCFG_DL_initPower</name>
         <load_address>0xc68</load_address>
         <run_address>0xc68</run_address>
         <size>0x40</size>
         <input_file_ref idref="fl-2"/>
      </object_component>
      <object_component id="oc-f8">
         <name>.text.DL_SYSCTL_switchMCLKfromLFCLKtoSYSOSC</name>
         <load_address>0xca8</load_address>
         <run_address>0xca8</run_address>
         <size>0x3c</size>
         <input_file_ref idref="fl-15"/>
      </object_component>
      <object_component id="oc-b2">
         <name>.text:__TI_auto_init_nobinit_nopinit</name>
         <load_address>0xce4</load_address>
         <run_address>0xce4</run_address>
         <size>0x3c</size>
         <input_file_ref idref="fl-29"/>
      </object_component>
      <object_component id="oc-91">
         <name>.text.rtc_setWeekday</name>
         <load_address>0xd20</load_address>
         <run_address>0xd20</run_address>
         <size>0x28</size>
         <input_file_ref idref="fl-3"/>
      </object_component>
      <object_component id="oc-4f">
         <name>.text:_c_int00_noargs</name>
         <load_address>0xd48</load_address>
         <run_address>0xd48</run_address>
         <size>0x28</size>
         <input_file_ref idref="fl-24"/>
      </object_component>
      <object_component id="oc-a1">
         <name>.text.SYSCFG_DL_init</name>
         <load_address>0xd70</load_address>
         <run_address>0xd70</run_address>
         <size>0x24</size>
         <input_file_ref idref="fl-2"/>
      </object_component>
      <object_component id="oc-90">
         <name>.text.rtc_setHours</name>
         <load_address>0xd94</load_address>
         <run_address>0xd94</run_address>
         <size>0x24</size>
         <input_file_ref idref="fl-3"/>
      </object_component>
      <object_component id="oc-8f">
         <name>.text.rtc_setMinutes</name>
         <load_address>0xdb8</load_address>
         <run_address>0xdb8</run_address>
         <size>0x24</size>
         <input_file_ref idref="fl-3"/>
      </object_component>
      <object_component id="oc-93">
         <name>.text.rtc_setMonth</name>
         <load_address>0xddc</load_address>
         <run_address>0xddc</run_address>
         <size>0x24</size>
         <input_file_ref idref="fl-3"/>
      </object_component>
      <object_component id="oc-8e">
         <name>.text.rtc_setSeconds</name>
         <load_address>0xe00</load_address>
         <run_address>0xe00</run_address>
         <size>0x24</size>
         <input_file_ref idref="fl-3"/>
      </object_component>
      <object_component id="oc-94">
         <name>.text.rtc_setYear</name>
         <load_address>0xe24</load_address>
         <run_address>0xe24</run_address>
         <size>0x20</size>
         <input_file_ref idref="fl-3"/>
      </object_component>
      <object_component id="oc-5f">
         <name>.text.DL_SPI_transmitDataCheck8</name>
         <load_address>0xe44</load_address>
         <run_address>0xe44</run_address>
         <size>0x1c</size>
         <input_file_ref idref="fl-14"/>
      </object_component>
      <object_component id="oc-2e">
         <name>.text.RTC_IRQHandler</name>
         <load_address>0xe60</load_address>
         <run_address>0xe60</run_address>
         <size>0x18</size>
         <input_file_ref idref="fl-3"/>
      </object_component>
      <object_component id="oc-d3">
         <name>.text.SYSCFG_DL_RTC_init</name>
         <load_address>0xe78</load_address>
         <run_address>0xe78</run_address>
         <size>0x18</size>
         <input_file_ref idref="fl-2"/>
      </object_component>
      <object_component id="oc-8d">
         <name>.text.rtc_setOutCfg</name>
         <load_address>0xe90</load_address>
         <run_address>0xe90</run_address>
         <size>0x14</size>
         <input_file_ref idref="fl-3"/>
      </object_component>
      <object_component id="oc-46">
         <name>.text:decompress:ZI:__TI_zero_init_nomemset</name>
         <load_address>0xea4</load_address>
         <run_address>0xea4</run_address>
         <size>0x14</size>
         <input_file_ref idref="fl-21"/>
      </object_component>
      <object_component id="oc-fa">
         <name>.text.DL_SPI_setClockConfig</name>
         <load_address>0xeb8</load_address>
         <run_address>0xeb8</run_address>
         <size>0x12</size>
         <input_file_ref idref="fl-14"/>
      </object_component>
      <object_component id="oc-1d">
         <name>.text:decompress:none</name>
         <load_address>0xeca</load_address>
         <run_address>0xeca</run_address>
         <size>0x12</size>
         <input_file_ref idref="fl-22"/>
      </object_component>
      <object_component id="oc-89">
         <name>.text.rtc_getDate</name>
         <load_address>0xedc</load_address>
         <run_address>0xedc</run_address>
         <size>0xc</size>
         <input_file_ref idref="fl-3"/>
      </object_component>
      <object_component id="oc-87">
         <name>.text.rtc_getHours</name>
         <load_address>0xee8</load_address>
         <run_address>0xee8</run_address>
         <size>0xc</size>
         <input_file_ref idref="fl-3"/>
      </object_component>
      <object_component id="oc-86">
         <name>.text.rtc_getMinutes</name>
         <load_address>0xef4</load_address>
         <run_address>0xef4</run_address>
         <size>0xc</size>
         <input_file_ref idref="fl-3"/>
      </object_component>
      <object_component id="oc-8a">
         <name>.text.rtc_getMonth</name>
         <load_address>0xf00</load_address>
         <run_address>0xf00</run_address>
         <size>0xc</size>
         <input_file_ref idref="fl-3"/>
      </object_component>
      <object_component id="oc-84">
         <name>.text.rtc_getOutCfg</name>
         <load_address>0xf0c</load_address>
         <run_address>0xf0c</run_address>
         <size>0xc</size>
         <input_file_ref idref="fl-3"/>
      </object_component>
      <object_component id="oc-85">
         <name>.text.rtc_getSeconds</name>
         <load_address>0xf18</load_address>
         <run_address>0xf18</run_address>
         <size>0xc</size>
         <input_file_ref idref="fl-3"/>
      </object_component>
      <object_component id="oc-83">
         <name>.text.rtc_getWakeInt</name>
         <load_address>0xf24</load_address>
         <run_address>0xf24</run_address>
         <size>0xc</size>
         <input_file_ref idref="fl-3"/>
      </object_component>
      <object_component id="oc-88">
         <name>.text.rtc_getWeekday</name>
         <load_address>0xf30</load_address>
         <run_address>0xf30</run_address>
         <size>0xc</size>
         <input_file_ref idref="fl-3"/>
      </object_component>
      <object_component id="oc-8b">
         <name>.text.rtc_getYear</name>
         <load_address>0xf3c</load_address>
         <run_address>0xf3c</run_address>
         <size>0xc</size>
         <input_file_ref idref="fl-3"/>
      </object_component>
      <object_component id="oc-ee">
         <name>.text.DL_Common_delayCycles</name>
         <load_address>0xf48</load_address>
         <run_address>0xf48</run_address>
         <size>0xa</size>
         <input_file_ref idref="fl-12"/>
      </object_component>
      <object_component id="oc-3f">
         <name>.text</name>
         <load_address>0xf54</load_address>
         <run_address>0xf54</run_address>
         <size>0x8</size>
         <input_file_ref idref="fl-64"/>
      </object_component>
      <object_component id="oc-23">
         <name>.text.Reset_Handler</name>
         <load_address>0xf5c</load_address>
         <run_address>0xf5c</run_address>
         <size>0x4</size>
         <input_file_ref idref="fl-5"/>
      </object_component>
      <object_component id="oc-71">
         <name>.text._system_pre_init</name>
         <load_address>0xf60</load_address>
         <run_address>0xf60</run_address>
         <size>0x4</size>
         <input_file_ref idref="fl-2a"/>
      </object_component>
      <object_component id="oc-ab">
         <name>.text:abort</name>
         <load_address>0xf64</load_address>
         <run_address>0xf64</run_address>
         <size>0x4</size>
         <input_file_ref idref="fl-26"/>
      </object_component>
      <object_component id="oc-141">
         <name>__TI_handler_table</name>
         <load_address>0xf90</load_address>
         <run_address>0xf90</run_address>
         <size>0xc</size>
      </object_component>
      <object_component id="oc-144">
         <name>.cinit..bss.load</name>
         <load_address>0xf9c</load_address>
         <run_address>0xf9c</run_address>
         <size>0x8</size>
      </object_component>
      <object_component id="oc-143">
         <name>.cinit..data.load</name>
         <load_address>0xfa4</load_address>
         <run_address>0xfa4</run_address>
         <size>0x8</size>
      </object_component>
      <object_component id="oc-142">
         <name>__TI_cinit_table</name>
         <load_address>0xfac</load_address>
         <run_address>0xfac</run_address>
         <size>0x10</size>
      </object_component>
      <object_component id="oc-fd">
         <name>.rodata.gSPI_target_config</name>
         <load_address>0xf68</load_address>
         <run_address>0xf68</run_address>
         <size>0x10</size>
         <input_file_ref idref="fl-2"/>
      </object_component>
      <object_component id="oc-c6">
         <name>.rodata.RTC_BOUNDS_DATE_MONTH</name>
         <load_address>0xf78</load_address>
         <run_address>0xf78</run_address>
         <size>0xc</size>
         <input_file_ref idref="fl-3"/>
      </object_component>
      <object_component id="oc-f9">
         <name>.rodata.gSYSCTLConfig</name>
         <load_address>0xf84</load_address>
         <run_address>0xf84</run_address>
         <size>0x3</size>
         <input_file_ref idref="fl-2"/>
      </object_component>
      <object_component id="oc-fc">
         <name>.rodata.gSPI_target_clockConfig</name>
         <load_address>0xf87</load_address>
         <run_address>0xf87</run_address>
         <size>0x2</size>
         <input_file_ref idref="fl-2"/>
      </object_component>
      <object_component id="oc-65">
         <name>.data.regPointer</name>
         <load_address>0x20200061</load_address>
         <run_address>0x20200061</run_address>
         <size>0x1</size>
         <input_file_ref idref="fl-4"/>
      </object_component>
      <object_component id="oc-57">
         <name>.data.gRxCount</name>
         <load_address>0x2020005e</load_address>
         <run_address>0x2020005e</run_address>
         <size>0x1</size>
         <input_file_ref idref="fl-4"/>
      </object_component>
      <object_component id="oc-59">
         <name>.data.gTest</name>
         <load_address>0x20200060</load_address>
         <run_address>0x20200060</run_address>
         <size>0x1</size>
         <input_file_ref idref="fl-4"/>
      </object_component>
      <object_component id="oc-56">
         <name>.data.gSpiState</name>
         <load_address>0x2020005f</load_address>
         <run_address>0x2020005f</run_address>
         <size>0x1</size>
         <input_file_ref idref="fl-4"/>
      </object_component>
      <object_component id="oc-c4">
         <name>.bss.RTC_Registers</name>
         <uninitialized>true</uninitialized>
         <run_address>0x20200028</run_address>
         <size>0x20</size>
         <input_file_ref idref="fl-3"/>
      </object_component>
      <object_component id="oc-c5">
         <name>.bss.ticksPerSec</name>
         <uninitialized>true</uninitialized>
         <run_address>0x20200058</run_address>
         <size>0x4</size>
         <input_file_ref idref="fl-3"/>
      </object_component>
      <object_component id="oc-de">
         <name>.bss.nTicks</name>
         <uninitialized>true</uninitialized>
         <run_address>0x20200050</run_address>
         <size>0x4</size>
         <input_file_ref idref="fl-3"/>
      </object_component>
      <object_component id="oc-df">
         <name>.bss.perAlarmTicks</name>
         <uninitialized>true</uninitialized>
         <run_address>0x20200054</run_address>
         <size>0x4</size>
         <input_file_ref idref="fl-3"/>
      </object_component>
      <object_component id="oc-e0">
         <name>.bss.rtcData</name>
         <uninitialized>true</uninitialized>
         <run_address>0x20200048</run_address>
         <size>0x8</size>
         <input_file_ref idref="fl-3"/>
      </object_component>
      <object_component id="oc-d4">
         <name>.common:gSPI_targetBackup</name>
         <uninitialized>true</uninitialized>
         <run_address>0x20200000</run_address>
         <size>0x28</size>
      </object_component>
      <object_component id="oc-66">
         <name>.common:rtcFlag</name>
         <uninitialized>true</uninitialized>
         <run_address>0x2020005c</run_address>
         <size>0x1</size>
      </object_component>
      <object_component id="oc-58">
         <name>.common:spiFlag</name>
         <uninitialized>true</uninitialized>
         <run_address>0x2020005d</run_address>
         <size>0x1</size>
      </object_component>
      <object_component id="oc-17">
         <name>.stack</name>
         <uninitialized>true</uninitialized>
         <run_address>0x20207e00</run_address>
         <size>0x4</size>
         <input_file_ref idref="fl-24"/>
      </object_component>
      <object_component id="oc-146">
         <name>.stack</name>
         <uninitialized>true</uninitialized>
         <run_address>0x20207e00</run_address>
         <size>0x0</size>
      </object_component>
      <object_component id="oc-aa">
         <name>.debug_loc</name>
         <load_address>0x0</load_address>
         <run_address>0x0</run_address>
         <size>0x13</size>
         <input_file_ref idref="fl-1"/>
      </object_component>
      <object_component id="oc-d1">
         <name>.debug_loc</name>
         <load_address>0x13</load_address>
         <run_address>0x13</run_address>
         <size>0xbd</size>
         <input_file_ref idref="fl-2"/>
      </object_component>
      <object_component id="oc-30">
         <name>.debug_loc</name>
         <load_address>0xd0</load_address>
         <run_address>0xd0</run_address>
         <size>0x735</size>
         <input_file_ref idref="fl-3"/>
      </object_component>
      <object_component id="oc-5c">
         <name>.debug_loc</name>
         <load_address>0x805</load_address>
         <run_address>0x805</run_address>
         <size>0x6a</size>
         <input_file_ref idref="fl-4"/>
      </object_component>
      <object_component id="oc-dd">
         <name>.debug_loc</name>
         <load_address>0x86f</load_address>
         <run_address>0x86f</run_address>
         <size>0x450</size>
         <input_file_ref idref="fl-13"/>
      </object_component>
      <object_component id="oc-61">
         <name>.debug_loc</name>
         <load_address>0xcbf</load_address>
         <run_address>0xcbf</run_address>
         <size>0x5a8</size>
         <input_file_ref idref="fl-14"/>
      </object_component>
      <object_component id="oc-f4">
         <name>.debug_loc</name>
         <load_address>0x1267</load_address>
         <run_address>0x1267</run_address>
         <size>0x486</size>
         <input_file_ref idref="fl-15"/>
      </object_component>
      <object_component id="oc-48">
         <name>.debug_loc</name>
         <load_address>0x16ed</load_address>
         <run_address>0x16ed</run_address>
         <size>0x13b</size>
         <input_file_ref idref="fl-21"/>
      </object_component>
      <object_component id="oc-45">
         <name>.debug_loc</name>
         <load_address>0x1828</load_address>
         <run_address>0x1828</run_address>
         <size>0x6f</size>
         <input_file_ref idref="fl-22"/>
      </object_component>
      <object_component id="oc-3d">
         <name>.debug_loc</name>
         <load_address>0x1897</load_address>
         <run_address>0x1897</run_address>
         <size>0xe8</size>
         <input_file_ref idref="fl-23"/>
      </object_component>
      <object_component id="oc-3a">
         <name>.debug_loc</name>
         <load_address>0x197f</load_address>
         <run_address>0x197f</run_address>
         <size>0xd8</size>
         <input_file_ref idref="fl-24"/>
      </object_component>
      <object_component id="oc-b1">
         <name>.debug_loc</name>
         <load_address>0x1a57</load_address>
         <run_address>0x1a57</run_address>
         <size>0x26</size>
         <input_file_ref idref="fl-26"/>
      </object_component>
      <object_component id="oc-b7">
         <name>.debug_loc</name>
         <load_address>0x1a7d</load_address>
         <run_address>0x1a7d</run_address>
         <size>0x558</size>
         <input_file_ref idref="fl-29"/>
      </object_component>
      <object_component id="oc-a8">
         <name>.debug_abbrev</name>
         <load_address>0x0</load_address>
         <run_address>0x0</run_address>
         <size>0x142</size>
         <input_file_ref idref="fl-1"/>
      </object_component>
      <object_component id="oc-d5">
         <name>.debug_abbrev</name>
         <load_address>0x142</load_address>
         <run_address>0x142</run_address>
         <size>0x224</size>
         <input_file_ref idref="fl-2"/>
      </object_component>
      <object_component id="oc-67">
         <name>.debug_abbrev</name>
         <load_address>0x366</load_address>
         <run_address>0x366</run_address>
         <size>0x32e</size>
         <input_file_ref idref="fl-3"/>
      </object_component>
      <object_component id="oc-5a">
         <name>.debug_abbrev</name>
         <load_address>0x694</load_address>
         <run_address>0x694</run_address>
         <size>0x195</size>
         <input_file_ref idref="fl-4"/>
      </object_component>
      <object_component id="oc-34">
         <name>.debug_abbrev</name>
         <load_address>0x829</load_address>
         <run_address>0x829</run_address>
         <size>0x6d</size>
         <input_file_ref idref="fl-5"/>
      </object_component>
      <object_component id="oc-10a">
         <name>.debug_abbrev</name>
         <load_address>0x896</load_address>
         <run_address>0x896</run_address>
         <size>0x53</size>
         <input_file_ref idref="fl-12"/>
      </object_component>
      <object_component id="oc-ff">
         <name>.debug_abbrev</name>
         <load_address>0x8e9</load_address>
         <run_address>0x8e9</run_address>
         <size>0x1fd</size>
         <input_file_ref idref="fl-13"/>
      </object_component>
      <object_component id="oc-95">
         <name>.debug_abbrev</name>
         <load_address>0xae6</load_address>
         <run_address>0xae6</run_address>
         <size>0x1f4</size>
         <input_file_ref idref="fl-14"/>
      </object_component>
      <object_component id="oc-10c">
         <name>.debug_abbrev</name>
         <load_address>0xcda</load_address>
         <run_address>0xcda</run_address>
         <size>0x24e</size>
         <input_file_ref idref="fl-15"/>
      </object_component>
      <object_component id="oc-6b">
         <name>.debug_abbrev</name>
         <load_address>0xf28</load_address>
         <run_address>0xf28</run_address>
         <size>0xcb</size>
         <input_file_ref idref="fl-21"/>
      </object_component>
      <object_component id="oc-43">
         <name>.debug_abbrev</name>
         <load_address>0xff3</load_address>
         <run_address>0xff3</run_address>
         <size>0x70</size>
         <input_file_ref idref="fl-22"/>
      </object_component>
      <object_component id="oc-3b">
         <name>.debug_abbrev</name>
         <load_address>0x1063</load_address>
         <run_address>0x1063</run_address>
         <size>0x9c</size>
         <input_file_ref idref="fl-23"/>
      </object_component>
      <object_component id="oc-36">
         <name>.debug_abbrev</name>
         <load_address>0x10ff</load_address>
         <run_address>0x10ff</run_address>
         <size>0xaf</size>
         <input_file_ref idref="fl-24"/>
      </object_component>
      <object_component id="oc-e1">
         <name>.debug_abbrev</name>
         <load_address>0x11ae</load_address>
         <run_address>0x11ae</run_address>
         <size>0xb3</size>
         <input_file_ref idref="fl-26"/>
      </object_component>
      <object_component id="oc-e7">
         <name>.debug_abbrev</name>
         <load_address>0x1261</load_address>
         <run_address>0x1261</run_address>
         <size>0x186</size>
         <input_file_ref idref="fl-29"/>
      </object_component>
      <object_component id="oc-9f">
         <name>.debug_abbrev</name>
         <load_address>0x13e7</load_address>
         <run_address>0x13e7</run_address>
         <size>0x39</size>
         <input_file_ref idref="fl-2a"/>
      </object_component>
      <object_component id="oc-6a">
         <name>.debug_abbrev</name>
         <load_address>0x1420</load_address>
         <run_address>0x1420</run_address>
         <size>0x27</size>
         <input_file_ref idref="fl-64"/>
      </object_component>
      <object_component id="oc-c7">
         <name>.debug_abbrev</name>
         <load_address>0x1447</load_address>
         <run_address>0x1447</run_address>
         <size>0x25</size>
         <input_file_ref idref="fl-66"/>
      </object_component>
      <object_component id="oc-148">
         <name>.debug_abbrev</name>
         <load_address>0x146c</load_address>
         <run_address>0x146c</run_address>
         <size>0xf</size>
      </object_component>
      <object_component id="oc-76">
         <name>.debug_info</name>
         <load_address>0x0</load_address>
         <run_address>0x0</run_address>
         <size>0x564</size>
         <input_file_ref idref="fl-1"/>
      </object_component>
      <object_component id="oc-a3">
         <name>.debug_info</name>
         <load_address>0x564</load_address>
         <run_address>0x564</run_address>
         <size>0x34f8</size>
         <input_file_ref idref="fl-2"/>
      </object_component>
      <object_component id="oc-33">
         <name>.debug_info</name>
         <load_address>0x3a5c</load_address>
         <run_address>0x3a5c</run_address>
         <size>0x1753</size>
         <input_file_ref idref="fl-3"/>
      </object_component>
      <object_component id="oc-2a">
         <name>.debug_info</name>
         <load_address>0x51af</load_address>
         <run_address>0x51af</run_address>
         <size>0x1009</size>
         <input_file_ref idref="fl-4"/>
      </object_component>
      <object_component id="oc-16">
         <name>.debug_info</name>
         <load_address>0x61b8</load_address>
         <run_address>0x61b8</run_address>
         <size>0x80</size>
         <input_file_ref idref="fl-5"/>
      </object_component>
      <object_component id="oc-ef">
         <name>.debug_info</name>
         <load_address>0x6238</load_address>
         <run_address>0x6238</run_address>
         <size>0x66</size>
         <input_file_ref idref="fl-12"/>
      </object_component>
      <object_component id="oc-da">
         <name>.debug_info</name>
         <load_address>0x629e</load_address>
         <run_address>0x629e</run_address>
         <size>0x12ed</size>
         <input_file_ref idref="fl-13"/>
      </object_component>
      <object_component id="oc-62">
         <name>.debug_info</name>
         <load_address>0x758b</load_address>
         <run_address>0x758b</run_address>
         <size>0xdea</size>
         <input_file_ref idref="fl-14"/>
      </object_component>
      <object_component id="oc-f3">
         <name>.debug_info</name>
         <load_address>0x8375</load_address>
         <run_address>0x8375</run_address>
         <size>0x2159</size>
         <input_file_ref idref="fl-15"/>
      </object_component>
      <object_component id="oc-4b">
         <name>.debug_info</name>
         <load_address>0xa4ce</load_address>
         <run_address>0xa4ce</run_address>
         <size>0x190</size>
         <input_file_ref idref="fl-21"/>
      </object_component>
      <object_component id="oc-1f">
         <name>.debug_info</name>
         <load_address>0xa65e</load_address>
         <run_address>0xa65e</run_address>
         <size>0xc6</size>
         <input_file_ref idref="fl-22"/>
      </object_component>
      <object_component id="oc-1c">
         <name>.debug_info</name>
         <load_address>0xa724</load_address>
         <run_address>0xa724</run_address>
         <size>0x17a</size>
         <input_file_ref idref="fl-23"/>
      </object_component>
      <object_component id="oc-18">
         <name>.debug_info</name>
         <load_address>0xa89e</load_address>
         <run_address>0xa89e</run_address>
         <size>0x423</size>
         <input_file_ref idref="fl-24"/>
      </object_component>
      <object_component id="oc-ad">
         <name>.debug_info</name>
         <load_address>0xacc1</load_address>
         <run_address>0xacc1</run_address>
         <size>0xed</size>
         <input_file_ref idref="fl-26"/>
      </object_component>
      <object_component id="oc-b3">
         <name>.debug_info</name>
         <load_address>0xadae</load_address>
         <run_address>0xadae</run_address>
         <size>0x792</size>
         <input_file_ref idref="fl-29"/>
      </object_component>
      <object_component id="oc-74">
         <name>.debug_info</name>
         <load_address>0xb540</load_address>
         <run_address>0xb540</run_address>
         <size>0x46</size>
         <input_file_ref idref="fl-2a"/>
      </object_component>
      <object_component id="oc-40">
         <name>.debug_info</name>
         <load_address>0xb586</load_address>
         <run_address>0xb586</run_address>
         <size>0x1a1</size>
         <input_file_ref idref="fl-64"/>
      </object_component>
      <object_component id="oc-99">
         <name>.debug_info</name>
         <load_address>0xb727</load_address>
         <run_address>0xb727</run_address>
         <size>0x2f1</size>
         <input_file_ref idref="fl-66"/>
      </object_component>
      <object_component id="oc-147">
         <name>.debug_info</name>
         <load_address>0xba18</load_address>
         <run_address>0xba18</run_address>
         <size>0xc2</size>
      </object_component>
      <object_component id="oc-a9">
         <name>.debug_str</name>
         <load_address>0x0</load_address>
         <run_address>0x0</run_address>
         <size>0x6f6</size>
         <input_file_ref idref="fl-1"/>
      </object_component>
      <object_component id="oc-d6">
         <name>.debug_str</name>
         <load_address>0x6f6</load_address>
         <run_address>0x6f6</run_address>
         <size>0x2492</size>
         <input_file_ref idref="fl-2"/>
      </object_component>
      <object_component id="oc-68">
         <name>.debug_str</name>
         <load_address>0x2b88</load_address>
         <run_address>0x2b88</run_address>
         <size>0x1071</size>
         <input_file_ref idref="fl-3"/>
      </object_component>
      <object_component id="oc-5b">
         <name>.debug_str</name>
         <load_address>0x3bf9</load_address>
         <run_address>0x3bf9</run_address>
         <size>0x8c1</size>
         <input_file_ref idref="fl-4"/>
      </object_component>
      <object_component id="oc-35">
         <name>.debug_str</name>
         <load_address>0x44ba</load_address>
         <run_address>0x44ba</run_address>
         <size>0x132</size>
         <input_file_ref idref="fl-5"/>
      </object_component>
      <object_component id="oc-10b">
         <name>.debug_str</name>
         <load_address>0x45ec</load_address>
         <run_address>0x45ec</run_address>
         <size>0x159</size>
         <input_file_ref idref="fl-12"/>
      </object_component>
      <object_component id="oc-100">
         <name>.debug_str</name>
         <load_address>0x4745</load_address>
         <run_address>0x4745</run_address>
         <size>0xaba</size>
         <input_file_ref idref="fl-13"/>
      </object_component>
      <object_component id="oc-96">
         <name>.debug_str</name>
         <load_address>0x51ff</load_address>
         <run_address>0x51ff</run_address>
         <size>0xa9a</size>
         <input_file_ref idref="fl-14"/>
      </object_component>
      <object_component id="oc-10d">
         <name>.debug_str</name>
         <load_address>0x5c99</load_address>
         <run_address>0x5c99</run_address>
         <size>0x18bb</size>
         <input_file_ref idref="fl-15"/>
      </object_component>
      <object_component id="oc-6c">
         <name>.debug_str</name>
         <load_address>0x7554</load_address>
         <run_address>0x7554</run_address>
         <size>0x1e6</size>
         <input_file_ref idref="fl-21"/>
      </object_component>
      <object_component id="oc-44">
         <name>.debug_str</name>
         <load_address>0x773a</load_address>
         <run_address>0x773a</run_address>
         <size>0x1b3</size>
         <input_file_ref idref="fl-22"/>
      </object_component>
      <object_component id="oc-3c">
         <name>.debug_str</name>
         <load_address>0x78ed</load_address>
         <run_address>0x78ed</run_address>
         <size>0x220</size>
         <input_file_ref idref="fl-23"/>
      </object_component>
      <object_component id="oc-37">
         <name>.debug_str</name>
         <load_address>0x7b0d</load_address>
         <run_address>0x7b0d</run_address>
         <size>0x270</size>
         <input_file_ref idref="fl-24"/>
      </object_component>
      <object_component id="oc-e2">
         <name>.debug_str</name>
         <load_address>0x7d7d</load_address>
         <run_address>0x7d7d</run_address>
         <size>0x18a</size>
         <input_file_ref idref="fl-26"/>
      </object_component>
      <object_component id="oc-e8">
         <name>.debug_str</name>
         <load_address>0x7f07</load_address>
         <run_address>0x7f07</run_address>
         <size>0x37a</size>
         <input_file_ref idref="fl-29"/>
      </object_component>
      <object_component id="oc-a0">
         <name>.debug_str</name>
         <load_address>0x8281</load_address>
         <run_address>0x8281</run_address>
         <size>0x140</size>
         <input_file_ref idref="fl-2a"/>
      </object_component>
      <object_component id="oc-77">
         <name>.debug_frame</name>
         <load_address>0x0</load_address>
         <run_address>0x0</run_address>
         <size>0x24</size>
         <input_file_ref idref="fl-1"/>
      </object_component>
      <object_component id="oc-a5">
         <name>.debug_frame</name>
         <load_address>0x24</load_address>
         <run_address>0x24</run_address>
         <size>0xc8</size>
         <input_file_ref idref="fl-2"/>
      </object_component>
      <object_component id="oc-31">
         <name>.debug_frame</name>
         <load_address>0xec</load_address>
         <run_address>0xec</run_address>
         <size>0x2f8</size>
         <input_file_ref idref="fl-3"/>
      </object_component>
      <object_component id="oc-2c">
         <name>.debug_frame</name>
         <load_address>0x3e4</load_address>
         <run_address>0x3e4</run_address>
         <size>0x7c</size>
         <input_file_ref idref="fl-4"/>
      </object_component>
      <object_component id="oc-24">
         <name>.debug_frame</name>
         <load_address>0x460</load_address>
         <run_address>0x460</run_address>
         <size>0x30</size>
         <input_file_ref idref="fl-5"/>
      </object_component>
      <object_component id="oc-f0">
         <name>.debug_frame</name>
         <load_address>0x490</load_address>
         <run_address>0x490</run_address>
         <size>0x20</size>
         <input_file_ref idref="fl-12"/>
      </object_component>
      <object_component id="oc-d9">
         <name>.debug_frame</name>
         <load_address>0x4b0</load_address>
         <run_address>0x4b0</run_address>
         <size>0x12c</size>
         <input_file_ref idref="fl-13"/>
      </object_component>
      <object_component id="oc-64">
         <name>.debug_frame</name>
         <load_address>0x5dc</load_address>
         <run_address>0x5dc</run_address>
         <size>0x1a8</size>
         <input_file_ref idref="fl-14"/>
      </object_component>
      <object_component id="oc-f6">
         <name>.debug_frame</name>
         <load_address>0x784</load_address>
         <run_address>0x784</run_address>
         <size>0x108</size>
         <input_file_ref idref="fl-15"/>
      </object_component>
      <object_component id="oc-4a">
         <name>.debug_frame</name>
         <load_address>0x88c</load_address>
         <run_address>0x88c</run_address>
         <size>0x38</size>
         <input_file_ref idref="fl-21"/>
      </object_component>
      <object_component id="oc-1e">
         <name>.debug_frame</name>
         <load_address>0x8c4</load_address>
         <run_address>0x8c4</run_address>
         <size>0x28</size>
         <input_file_ref idref="fl-22"/>
      </object_component>
      <object_component id="oc-1a">
         <name>.debug_frame</name>
         <load_address>0x8ec</load_address>
         <run_address>0x8ec</run_address>
         <size>0x30</size>
         <input_file_ref idref="fl-23"/>
      </object_component>
      <object_component id="oc-4e">
         <name>.debug_frame</name>
         <load_address>0x91c</load_address>
         <run_address>0x91c</run_address>
         <size>0x90</size>
         <input_file_ref idref="fl-24"/>
      </object_component>
      <object_component id="oc-ae">
         <name>.debug_frame</name>
         <load_address>0x9ac</load_address>
         <run_address>0x9ac</run_address>
         <size>0x30</size>
         <input_file_ref idref="fl-26"/>
      </object_component>
      <object_component id="oc-b5">
         <name>.debug_frame</name>
         <load_address>0x9dc</load_address>
         <run_address>0x9dc</run_address>
         <size>0x100</size>
         <input_file_ref idref="fl-29"/>
      </object_component>
      <object_component id="oc-73">
         <name>.debug_frame</name>
         <load_address>0xadc</load_address>
         <run_address>0xadc</run_address>
         <size>0x20</size>
         <input_file_ref idref="fl-2a"/>
      </object_component>
      <object_component id="oc-78">
         <name>.debug_line</name>
         <load_address>0x0</load_address>
         <run_address>0x0</run_address>
         <size>0x255</size>
         <input_file_ref idref="fl-1"/>
      </object_component>
      <object_component id="oc-a4">
         <name>.debug_line</name>
         <load_address>0x255</load_address>
         <run_address>0x255</run_address>
         <size>0x542</size>
         <input_file_ref idref="fl-2"/>
      </object_component>
      <object_component id="oc-2f">
         <name>.debug_line</name>
         <load_address>0x797</load_address>
         <run_address>0x797</run_address>
         <size>0xd4f</size>
         <input_file_ref idref="fl-3"/>
      </object_component>
      <object_component id="oc-29">
         <name>.debug_line</name>
         <load_address>0x14e6</load_address>
         <run_address>0x14e6</run_address>
         <size>0x5b0</size>
         <input_file_ref idref="fl-4"/>
      </object_component>
      <object_component id="oc-25">
         <name>.debug_line</name>
         <load_address>0x1a96</load_address>
         <run_address>0x1a96</run_address>
         <size>0x73</size>
         <input_file_ref idref="fl-5"/>
      </object_component>
      <object_component id="oc-f1">
         <name>.debug_line</name>
         <load_address>0x1b09</load_address>
         <run_address>0x1b09</run_address>
         <size>0xd0</size>
         <input_file_ref idref="fl-12"/>
      </object_component>
      <object_component id="oc-dc">
         <name>.debug_line</name>
         <load_address>0x1bd9</load_address>
         <run_address>0x1bd9</run_address>
         <size>0x5b9</size>
         <input_file_ref idref="fl-13"/>
      </object_component>
      <object_component id="oc-63">
         <name>.debug_line</name>
         <load_address>0x2192</load_address>
         <run_address>0x2192</run_address>
         <size>0x98d</size>
         <input_file_ref idref="fl-14"/>
      </object_component>
      <object_component id="oc-f7">
         <name>.debug_line</name>
         <load_address>0x2b1f</load_address>
         <run_address>0x2b1f</run_address>
         <size>0x7f7</size>
         <input_file_ref idref="fl-15"/>
      </object_component>
      <object_component id="oc-49">
         <name>.debug_line</name>
         <load_address>0x3316</load_address>
         <run_address>0x3316</run_address>
         <size>0xfa</size>
         <input_file_ref idref="fl-21"/>
      </object_component>
      <object_component id="oc-20">
         <name>.debug_line</name>
         <load_address>0x3410</load_address>
         <run_address>0x3410</run_address>
         <size>0xb6</size>
         <input_file_ref idref="fl-22"/>
      </object_component>
      <object_component id="oc-1b">
         <name>.debug_line</name>
         <load_address>0x34c6</load_address>
         <run_address>0x34c6</run_address>
         <size>0x1b4</size>
         <input_file_ref idref="fl-23"/>
      </object_component>
      <object_component id="oc-38">
         <name>.debug_line</name>
         <load_address>0x367a</load_address>
         <run_address>0x367a</run_address>
         <size>0x1fe</size>
         <input_file_ref idref="fl-24"/>
      </object_component>
      <object_component id="oc-af">
         <name>.debug_line</name>
         <load_address>0x3878</load_address>
         <run_address>0x3878</run_address>
         <size>0x6b</size>
         <input_file_ref idref="fl-26"/>
      </object_component>
      <object_component id="oc-b4">
         <name>.debug_line</name>
         <load_address>0x38e3</load_address>
         <run_address>0x38e3</run_address>
         <size>0x4ca</size>
         <input_file_ref idref="fl-29"/>
      </object_component>
      <object_component id="oc-72">
         <name>.debug_line</name>
         <load_address>0x3dad</load_address>
         <run_address>0x3dad</run_address>
         <size>0x3e</size>
         <input_file_ref idref="fl-2a"/>
      </object_component>
      <object_component id="oc-42">
         <name>.debug_line</name>
         <load_address>0x3deb</load_address>
         <run_address>0x3deb</run_address>
         <size>0xa4</size>
         <input_file_ref idref="fl-64"/>
      </object_component>
      <object_component id="oc-9a">
         <name>.debug_line</name>
         <load_address>0x3e8f</load_address>
         <run_address>0x3e8f</run_address>
         <size>0xa0</size>
         <input_file_ref idref="fl-66"/>
      </object_component>
      <object_component id="oc-a2">
         <name>.debug_ranges</name>
         <load_address>0x0</load_address>
         <run_address>0x0</run_address>
         <size>0x48</size>
         <input_file_ref idref="fl-2"/>
      </object_component>
      <object_component id="oc-32">
         <name>.debug_ranges</name>
         <load_address>0x48</load_address>
         <run_address>0x48</run_address>
         <size>0x1d8</size>
         <input_file_ref idref="fl-3"/>
      </object_component>
      <object_component id="oc-2b">
         <name>.debug_ranges</name>
         <load_address>0x220</load_address>
         <run_address>0x220</run_address>
         <size>0x48</size>
         <input_file_ref idref="fl-4"/>
      </object_component>
      <object_component id="oc-26">
         <name>.debug_ranges</name>
         <load_address>0x268</load_address>
         <run_address>0x268</run_address>
         <size>0x18</size>
         <input_file_ref idref="fl-5"/>
      </object_component>
      <object_component id="oc-db">
         <name>.debug_ranges</name>
         <load_address>0x280</load_address>
         <run_address>0x280</run_address>
         <size>0xd0</size>
         <input_file_ref idref="fl-13"/>
      </object_component>
      <object_component id="oc-60">
         <name>.debug_ranges</name>
         <load_address>0x350</load_address>
         <run_address>0x350</run_address>
         <size>0x300</size>
         <input_file_ref idref="fl-14"/>
      </object_component>
      <object_component id="oc-f5">
         <name>.debug_ranges</name>
         <load_address>0x650</load_address>
         <run_address>0x650</run_address>
         <size>0x230</size>
         <input_file_ref idref="fl-15"/>
      </object_component>
      <object_component id="oc-47">
         <name>.debug_ranges</name>
         <load_address>0x880</load_address>
         <run_address>0x880</run_address>
         <size>0x18</size>
         <input_file_ref idref="fl-21"/>
      </object_component>
      <object_component id="oc-3e">
         <name>.debug_ranges</name>
         <load_address>0x898</load_address>
         <run_address>0x898</run_address>
         <size>0x30</size>
         <input_file_ref idref="fl-23"/>
      </object_component>
      <object_component id="oc-39">
         <name>.debug_ranges</name>
         <load_address>0x8c8</load_address>
         <run_address>0x8c8</run_address>
         <size>0x48</size>
         <input_file_ref idref="fl-24"/>
      </object_component>
      <object_component id="oc-ac">
         <name>.debug_ranges</name>
         <load_address>0x910</load_address>
         <run_address>0x910</run_address>
         <size>0x18</size>
         <input_file_ref idref="fl-26"/>
      </object_component>
      <object_component id="oc-b6">
         <name>.debug_ranges</name>
         <load_address>0x928</load_address>
         <run_address>0x928</run_address>
         <size>0xa8</size>
         <input_file_ref idref="fl-29"/>
      </object_component>
      <object_component id="oc-9b">
         <name>.debug_ranges</name>
         <load_address>0x9d0</load_address>
         <run_address>0x9d0</run_address>
         <size>0x28</size>
         <input_file_ref idref="fl-66"/>
      </object_component>
      <object_component id="oc-41">
         <name>.debug_aranges</name>
         <load_address>0x0</load_address>
         <run_address>0x0</run_address>
         <size>0x20</size>
         <input_file_ref idref="fl-64"/>
      </object_component>
      <object_component id="oc-98">
         <name>.debug_aranges</name>
         <load_address>0x20</load_address>
         <run_address>0x20</run_address>
         <size>0x28</size>
         <input_file_ref idref="fl-66"/>
      </object_component>
   </object_component_list>
   <logical_group_list>
      <logical_group id="lg-2" display="no" color="cyan">
         <name>.intvecs</name>
         <load_address>0x0</load_address>
         <run_address>0x0</run_address>
         <size>0xc0</size>
         <contents>
            <object_component_ref idref="oc-15"/>
         </contents>
      </logical_group>
      <logical_group id="lg-3" display="no" color="cyan">
         <name>.text</name>
         <load_address>0xc0</load_address>
         <run_address>0xc0</run_address>
         <size>0xea8</size>
         <contents>
            <object_component_ref idref="oc-a6"/>
            <object_component_ref idref="oc-a7"/>
            <object_component_ref idref="oc-8c"/>
            <object_component_ref idref="oc-5e"/>
            <object_component_ref idref="oc-2d"/>
            <object_component_ref idref="oc-9c"/>
            <object_component_ref idref="oc-27"/>
            <object_component_ref idref="oc-fe"/>
            <object_component_ref idref="oc-5d"/>
            <object_component_ref idref="oc-d8"/>
            <object_component_ref idref="oc-75"/>
            <object_component_ref idref="oc-19"/>
            <object_component_ref idref="oc-d2"/>
            <object_component_ref idref="oc-f2"/>
            <object_component_ref idref="oc-d0"/>
            <object_component_ref idref="oc-d7"/>
            <object_component_ref idref="oc-cf"/>
            <object_component_ref idref="oc-92"/>
            <object_component_ref idref="oc-28"/>
            <object_component_ref idref="oc-fb"/>
            <object_component_ref idref="oc-ce"/>
            <object_component_ref idref="oc-f8"/>
            <object_component_ref idref="oc-b2"/>
            <object_component_ref idref="oc-91"/>
            <object_component_ref idref="oc-4f"/>
            <object_component_ref idref="oc-a1"/>
            <object_component_ref idref="oc-90"/>
            <object_component_ref idref="oc-8f"/>
            <object_component_ref idref="oc-93"/>
            <object_component_ref idref="oc-8e"/>
            <object_component_ref idref="oc-94"/>
            <object_component_ref idref="oc-5f"/>
            <object_component_ref idref="oc-2e"/>
            <object_component_ref idref="oc-d3"/>
            <object_component_ref idref="oc-8d"/>
            <object_component_ref idref="oc-46"/>
            <object_component_ref idref="oc-fa"/>
            <object_component_ref idref="oc-1d"/>
            <object_component_ref idref="oc-89"/>
            <object_component_ref idref="oc-87"/>
            <object_component_ref idref="oc-86"/>
            <object_component_ref idref="oc-8a"/>
            <object_component_ref idref="oc-84"/>
            <object_component_ref idref="oc-85"/>
            <object_component_ref idref="oc-83"/>
            <object_component_ref idref="oc-88"/>
            <object_component_ref idref="oc-8b"/>
            <object_component_ref idref="oc-ee"/>
            <object_component_ref idref="oc-3f"/>
            <object_component_ref idref="oc-23"/>
            <object_component_ref idref="oc-71"/>
            <object_component_ref idref="oc-ab"/>
         </contents>
      </logical_group>
      <logical_group id="lg-4" display="no" color="cyan">
         <name>.const</name>
         <run_address>0x0</run_address>
         <size>0x0</size>
         <contents>
         </contents>
      </logical_group>
      <logical_group id="lg-5" display="no" color="cyan">
         <name>.cinit</name>
         <load_address>0xf90</load_address>
         <run_address>0xf90</run_address>
         <size>0x30</size>
         <contents>
            <object_component_ref idref="oc-141"/>
            <object_component_ref idref="oc-144"/>
            <object_component_ref idref="oc-143"/>
            <object_component_ref idref="oc-142"/>
         </contents>
      </logical_group>
      <logical_group id="lg-6" display="no" color="cyan">
         <name>.pinit</name>
         <run_address>0x0</run_address>
         <size>0x0</size>
         <contents>
         </contents>
      </logical_group>
      <logical_group id="lg-7" display="no" color="cyan">
         <name>.rodata</name>
         <load_address>0xf68</load_address>
         <run_address>0xf68</run_address>
         <size>0x28</size>
         <contents>
            <object_component_ref idref="oc-fd"/>
            <object_component_ref idref="oc-c6"/>
            <object_component_ref idref="oc-f9"/>
            <object_component_ref idref="oc-fc"/>
         </contents>
      </logical_group>
      <logical_group id="lg-8" display="no" color="cyan">
         <name>.ARM.exidx</name>
         <run_address>0x0</run_address>
         <size>0x0</size>
         <contents>
         </contents>
      </logical_group>
      <logical_group id="lg-9" display="no" color="cyan">
         <name>.init_array</name>
         <run_address>0x0</run_address>
         <size>0x0</size>
         <contents>
         </contents>
      </logical_group>
      <logical_group id="lg-a" display="no" color="cyan">
         <name>.binit</name>
         <run_address>0x0</run_address>
         <size>0x0</size>
         <contents>
         </contents>
      </logical_group>
      <logical_group id="lg-b" display="no" color="cyan">
         <name>.vtable</name>
         <run_address>0x0</run_address>
         <size>0x0</size>
         <contents>
         </contents>
      </logical_group>
      <logical_group id="lg-c" display="no" color="cyan">
         <name>.args</name>
         <run_address>0x0</run_address>
         <size>0x0</size>
         <contents>
         </contents>
      </logical_group>
      <logical_group id="lg-d" display="no" color="cyan">
         <name>.data</name>
         <run_address>0x2020005e</run_address>
         <size>0x4</size>
         <contents>
            <object_component_ref idref="oc-65"/>
            <object_component_ref idref="oc-57"/>
            <object_component_ref idref="oc-59"/>
            <object_component_ref idref="oc-56"/>
         </contents>
      </logical_group>
      <logical_group id="lg-e" display="no" color="cyan">
         <name>.bss</name>
         <run_address>0x20200000</run_address>
         <size>0x5e</size>
         <contents>
            <object_component_ref idref="oc-c4"/>
            <object_component_ref idref="oc-c5"/>
            <object_component_ref idref="oc-de"/>
            <object_component_ref idref="oc-df"/>
            <object_component_ref idref="oc-e0"/>
            <object_component_ref idref="oc-d4"/>
            <object_component_ref idref="oc-66"/>
            <object_component_ref idref="oc-58"/>
         </contents>
      </logical_group>
      <logical_group id="lg-f" display="no" color="cyan">
         <name>.sysmem</name>
         <run_address>0x0</run_address>
         <size>0x0</size>
         <contents>
         </contents>
      </logical_group>
      <logical_group id="lg-10" display="no" color="cyan">
         <name>.stack</name>
         <run_address>0x20207e00</run_address>
         <size>0x200</size>
         <contents>
            <object_component_ref idref="oc-17"/>
            <object_component_ref idref="oc-146"/>
         </contents>
      </logical_group>
      <logical_group id="lg-10e" display="no" color="cyan">
         <name>.TI.noinit</name>
         <run_address>0x0</run_address>
         <size>0x0</size>
         <contents>
         </contents>
      </logical_group>
      <logical_group id="lg-10f" display="no" color="cyan">
         <name>.TI.persistent</name>
         <run_address>0x0</run_address>
         <size>0x0</size>
         <contents>
         </contents>
      </logical_group>
      <logical_group id="lg-110" display="no" color="cyan">
         <name>__llvm_prf_cnts</name>
         <run_address>0x20200000</run_address>
         <size>0x0</size>
         <contents>
         </contents>
      </logical_group>
      <logical_group id="lg-111" display="no" color="cyan">
         <name>__llvm_prf_bits</name>
         <run_address>0x20200000</run_address>
         <size>0x0</size>
         <contents>
         </contents>
      </logical_group>
      <logical_group id="lg-125" display="never" color="cyan">
         <name>.debug_loc</name>
         <load_address>0x0</load_address>
         <run_address>0x0</run_address>
         <size>0x1fd5</size>
         <contents>
            <object_component_ref idref="oc-aa"/>
            <object_component_ref idref="oc-d1"/>
            <object_component_ref idref="oc-30"/>
            <object_component_ref idref="oc-5c"/>
            <object_component_ref idref="oc-dd"/>
            <object_component_ref idref="oc-61"/>
            <object_component_ref idref="oc-f4"/>
            <object_component_ref idref="oc-48"/>
            <object_component_ref idref="oc-45"/>
            <object_component_ref idref="oc-3d"/>
            <object_component_ref idref="oc-3a"/>
            <object_component_ref idref="oc-b1"/>
            <object_component_ref idref="oc-b7"/>
         </contents>
      </logical_group>
      <logical_group id="lg-127" display="never" color="cyan">
         <name>.debug_abbrev</name>
         <load_address>0x0</load_address>
         <run_address>0x0</run_address>
         <size>0x147b</size>
         <contents>
            <object_component_ref idref="oc-a8"/>
            <object_component_ref idref="oc-d5"/>
            <object_component_ref idref="oc-67"/>
            <object_component_ref idref="oc-5a"/>
            <object_component_ref idref="oc-34"/>
            <object_component_ref idref="oc-10a"/>
            <object_component_ref idref="oc-ff"/>
            <object_component_ref idref="oc-95"/>
            <object_component_ref idref="oc-10c"/>
            <object_component_ref idref="oc-6b"/>
            <object_component_ref idref="oc-43"/>
            <object_component_ref idref="oc-3b"/>
            <object_component_ref idref="oc-36"/>
            <object_component_ref idref="oc-e1"/>
            <object_component_ref idref="oc-e7"/>
            <object_component_ref idref="oc-9f"/>
            <object_component_ref idref="oc-6a"/>
            <object_component_ref idref="oc-c7"/>
            <object_component_ref idref="oc-148"/>
         </contents>
      </logical_group>
      <logical_group id="lg-129" display="never" color="cyan">
         <name>.debug_info</name>
         <load_address>0x0</load_address>
         <run_address>0x0</run_address>
         <size>0xbada</size>
         <contents>
            <object_component_ref idref="oc-76"/>
            <object_component_ref idref="oc-a3"/>
            <object_component_ref idref="oc-33"/>
            <object_component_ref idref="oc-2a"/>
            <object_component_ref idref="oc-16"/>
            <object_component_ref idref="oc-ef"/>
            <object_component_ref idref="oc-da"/>
            <object_component_ref idref="oc-62"/>
            <object_component_ref idref="oc-f3"/>
            <object_component_ref idref="oc-4b"/>
            <object_component_ref idref="oc-1f"/>
            <object_component_ref idref="oc-1c"/>
            <object_component_ref idref="oc-18"/>
            <object_component_ref idref="oc-ad"/>
            <object_component_ref idref="oc-b3"/>
            <object_component_ref idref="oc-74"/>
            <object_component_ref idref="oc-40"/>
            <object_component_ref idref="oc-99"/>
            <object_component_ref idref="oc-147"/>
         </contents>
      </logical_group>
      <logical_group id="lg-12b" display="never" color="cyan">
         <name>.debug_str</name>
         <load_address>0x0</load_address>
         <run_address>0x0</run_address>
         <size>0x83c1</size>
         <contents>
            <object_component_ref idref="oc-a9"/>
            <object_component_ref idref="oc-d6"/>
            <object_component_ref idref="oc-68"/>
            <object_component_ref idref="oc-5b"/>
            <object_component_ref idref="oc-35"/>
            <object_component_ref idref="oc-10b"/>
            <object_component_ref idref="oc-100"/>
            <object_component_ref idref="oc-96"/>
            <object_component_ref idref="oc-10d"/>
            <object_component_ref idref="oc-6c"/>
            <object_component_ref idref="oc-44"/>
            <object_component_ref idref="oc-3c"/>
            <object_component_ref idref="oc-37"/>
            <object_component_ref idref="oc-e2"/>
            <object_component_ref idref="oc-e8"/>
            <object_component_ref idref="oc-a0"/>
         </contents>
      </logical_group>
      <logical_group id="lg-12d" display="never" color="cyan">
         <name>.debug_frame</name>
         <load_address>0x0</load_address>
         <run_address>0x0</run_address>
         <size>0xafc</size>
         <contents>
            <object_component_ref idref="oc-77"/>
            <object_component_ref idref="oc-a5"/>
            <object_component_ref idref="oc-31"/>
            <object_component_ref idref="oc-2c"/>
            <object_component_ref idref="oc-24"/>
            <object_component_ref idref="oc-f0"/>
            <object_component_ref idref="oc-d9"/>
            <object_component_ref idref="oc-64"/>
            <object_component_ref idref="oc-f6"/>
            <object_component_ref idref="oc-4a"/>
            <object_component_ref idref="oc-1e"/>
            <object_component_ref idref="oc-1a"/>
            <object_component_ref idref="oc-4e"/>
            <object_component_ref idref="oc-ae"/>
            <object_component_ref idref="oc-b5"/>
            <object_component_ref idref="oc-73"/>
         </contents>
      </logical_group>
      <logical_group id="lg-12f" display="never" color="cyan">
         <name>.debug_line</name>
         <load_address>0x0</load_address>
         <run_address>0x0</run_address>
         <size>0x3f2f</size>
         <contents>
            <object_component_ref idref="oc-78"/>
            <object_component_ref idref="oc-a4"/>
            <object_component_ref idref="oc-2f"/>
            <object_component_ref idref="oc-29"/>
            <object_component_ref idref="oc-25"/>
            <object_component_ref idref="oc-f1"/>
            <object_component_ref idref="oc-dc"/>
            <object_component_ref idref="oc-63"/>
            <object_component_ref idref="oc-f7"/>
            <object_component_ref idref="oc-49"/>
            <object_component_ref idref="oc-20"/>
            <object_component_ref idref="oc-1b"/>
            <object_component_ref idref="oc-38"/>
            <object_component_ref idref="oc-af"/>
            <object_component_ref idref="oc-b4"/>
            <object_component_ref idref="oc-72"/>
            <object_component_ref idref="oc-42"/>
            <object_component_ref idref="oc-9a"/>
         </contents>
      </logical_group>
      <logical_group id="lg-131" display="never" color="cyan">
         <name>.debug_ranges</name>
         <load_address>0x0</load_address>
         <run_address>0x0</run_address>
         <size>0x9f8</size>
         <contents>
            <object_component_ref idref="oc-a2"/>
            <object_component_ref idref="oc-32"/>
            <object_component_ref idref="oc-2b"/>
            <object_component_ref idref="oc-26"/>
            <object_component_ref idref="oc-db"/>
            <object_component_ref idref="oc-60"/>
            <object_component_ref idref="oc-f5"/>
            <object_component_ref idref="oc-47"/>
            <object_component_ref idref="oc-3e"/>
            <object_component_ref idref="oc-39"/>
            <object_component_ref idref="oc-ac"/>
            <object_component_ref idref="oc-b6"/>
            <object_component_ref idref="oc-9b"/>
         </contents>
      </logical_group>
      <logical_group id="lg-13b" display="never" color="cyan">
         <name>.debug_aranges</name>
         <load_address>0x0</load_address>
         <run_address>0x0</run_address>
         <size>0x48</size>
         <contents>
            <object_component_ref idref="oc-41"/>
            <object_component_ref idref="oc-98"/>
         </contents>
      </logical_group>
      <logical_group id="lg-145" display="no" color="cyan">
         <name>Veneer$$CMSE</name>
         <run_address>0x0</run_address>
         <size>0x0</size>
         <contents>
         </contents>
      </logical_group>
      <load_segment id="lg-14c" display="no" color="cyan">
         <name>SEGMENT_0</name>
         <load_address>0x0</load_address>
         <run_address>0x0</run_address>
         <size>0xfc0</size>
         <flags>0x5</flags>
         <contents>
            <logical_group_ref idref="lg-2"/>
            <logical_group_ref idref="lg-3"/>
            <logical_group_ref idref="lg-7"/>
            <logical_group_ref idref="lg-5"/>
         </contents>
      </load_segment>
      <load_segment id="lg-14d" display="no" color="cyan">
         <name>SEGMENT_1</name>
         <run_address>0x20200000</run_address>
         <size>0x62</size>
         <flags>0x6</flags>
         <contents>
            <logical_group_ref idref="lg-e"/>
            <logical_group_ref idref="lg-d"/>
         </contents>
      </load_segment>
      <load_segment id="lg-14e" display="no" color="cyan">
         <name>SEGMENT_2</name>
         <run_address>0x20207e00</run_address>
         <size>0x200</size>
         <flags>0x6</flags>
         <contents>
            <logical_group_ref idref="lg-10"/>
         </contents>
      </load_segment>
   </logical_group_list>
   <placement_map>
      <memory_area display="yes" color="green">
         <name>FLASH</name>
         <page_id>0x0</page_id>
         <origin>0x0</origin>
         <length>0x20000</length>
         <used_space>0xfc0</used_space>
         <unused_space>0x1f040</unused_space>
         <attributes>RX</attributes>
         <usage_details>
            <allocated_space>
               <start_address>0x0</start_address>
               <size>0xc0</size>
               <logical_group_ref idref="lg-2"/>
            </allocated_space>
            <allocated_space>
               <start_address>0xc0</start_address>
               <size>0xea8</size>
               <logical_group_ref idref="lg-3"/>
            </allocated_space>
            <allocated_space>
               <start_address>0xf68</start_address>
               <size>0x28</size>
               <logical_group_ref idref="lg-7"/>
            </allocated_space>
            <allocated_space>
               <start_address>0xf90</start_address>
               <size>0x30</size>
               <logical_group_ref idref="lg-5"/>
            </allocated_space>
            <available_space>
               <start_address>0xfc0</start_address>
               <size>0x1f040</size>
            </available_space>
         </usage_details>
      </memory_area>
      <memory_area display="yes" color="green">
         <name>SRAM</name>
         <page_id>0x0</page_id>
         <origin>0x20200000</origin>
         <length>0x8000</length>
         <used_space>0x262</used_space>
         <unused_space>0x7d9e</unused_space>
         <attributes>RWX</attributes>
         <usage_details>
            <allocated_space>
               <start_address>0x20200000</start_address>
               <size>0x0</size>
               <logical_group_ref idref="lg-110"/>
            </allocated_space>
            <allocated_space>
               <start_address>0x20200000</start_address>
               <size>0x0</size>
               <logical_group_ref idref="lg-111"/>
            </allocated_space>
            <allocated_space>
               <start_address>0x20200000</start_address>
               <size>0x5e</size>
               <logical_group_ref idref="lg-e"/>
            </allocated_space>
            <allocated_space>
               <start_address>0x2020005e</start_address>
               <size>0x4</size>
               <logical_group_ref idref="lg-d"/>
            </allocated_space>
            <available_space>
               <start_address>0x20200062</start_address>
               <size>0x7d9e</size>
            </available_space>
            <allocated_space>
               <start_address>0x20207e00</start_address>
               <size>0x200</size>
               <logical_group_ref idref="lg-10"/>
            </allocated_space>
         </usage_details>
      </memory_area>
   </placement_map>
   <cptbl_list>
      <cptbl>
         <name>__TI_cinit_table</name>
         <cprec>
            <name>.bss</name>
            <load_address>0xf9c</load_address>
            <load_size>0x8</load_size>
            <run_address>0x20200000</run_address>
            <run_size>0x5e</run_size>
            <compression>zero_init</compression>
         </cprec>
         <cprec>
            <name>.data</name>
            <load_address>0xfa4</load_address>
            <load_size>0x8</load_size>
            <run_address>0x2020005e</run_address>
            <run_size>0x4</run_size>
            <compression>lzss</compression>
         </cprec>
      </cptbl>
   </cptbl_list>
   <handler_table>
      <handler_table_name>__TI_handler_table</handler_table_name>
      <handler>
         <index>0x0</index>
         <name>__TI_decompress_lzss</name>
      </handler>
      <handler>
         <index>0x1</index>
         <name>__TI_decompress_none</name>
      </handler>
      <handler>
         <index>0x2</index>
         <name>__TI_zero_init</name>
      </handler>
   </handler_table>
   <symbol_table>
      <symbol id="sm-1">
         <name>__start___llvm_prf_cnts</name>
         <value>0x20200000</value>
      </symbol>
      <symbol id="sm-2">
         <name>__stop___llvm_prf_cnts</name>
         <value>0x20200000</value>
      </symbol>
      <symbol id="sm-3">
         <name>__start___llvm_prf_bits</name>
         <value>0x20200000</value>
      </symbol>
      <symbol id="sm-4">
         <name>__stop___llvm_prf_bits</name>
         <value>0x20200000</value>
      </symbol>
      <symbol id="sm-5">
         <name>__TI_CINIT_Base</name>
         <value>0xfac</value>
      </symbol>
      <symbol id="sm-6">
         <name>__TI_CINIT_Limit</name>
         <value>0xfbc</value>
      </symbol>
      <symbol id="sm-7">
         <name>__TI_CINIT_Warm</name>
         <value>0xfbc</value>
      </symbol>
      <symbol id="sm-8">
         <name>__TI_Handler_Table_Base</name>
         <value>0xf90</value>
      </symbol>
      <symbol id="sm-9">
         <name>__TI_Handler_Table_Limit</name>
         <value>0xf9c</value>
      </symbol>
      <symbol id="sm-a">
         <name>binit</name>
         <value>0xffffffff</value>
      </symbol>
      <symbol id="sm-b">
         <name>__binit__</name>
         <value>0xffffffff</value>
      </symbol>
      <symbol id="sm-c">
         <name>__STACK_SIZE</name>
         <value>0x200</value>
      </symbol>
      <symbol id="sm-d">
         <name>__STACK_END</name>
         <value>0x20208000</value>
      </symbol>
      <symbol id="sm-e">
         <name>__TI_pprof_out_hndl</name>
         <value>0xffffffff</value>
      </symbol>
      <symbol id="sm-f">
         <name>__TI_prof_data_start</name>
         <value>0xffffffff</value>
      </symbol>
      <symbol id="sm-10">
         <name>__TI_prof_data_size</name>
         <value>0xffffffff</value>
      </symbol>
      <symbol id="sm-36">
         <name>main</name>
         <value>0x8fd</value>
         <object_component_ref idref="oc-75"/>
      </symbol>
      <symbol id="sm-56">
         <name>SYSCFG_DL_init</name>
         <value>0xd71</value>
         <object_component_ref idref="oc-a1"/>
      </symbol>
      <symbol id="sm-57">
         <name>SYSCFG_DL_initPower</name>
         <value>0xc69</value>
         <object_component_ref idref="oc-ce"/>
      </symbol>
      <symbol id="sm-58">
         <name>SYSCFG_DL_GPIO_init</name>
         <value>0xb41</value>
         <object_component_ref idref="oc-cf"/>
      </symbol>
      <symbol id="sm-59">
         <name>SYSCFG_DL_SYSCTL_init</name>
         <value>0xa95</value>
         <object_component_ref idref="oc-d0"/>
      </symbol>
      <symbol id="sm-5a">
         <name>SYSCFG_DL_SPI_target_init</name>
         <value>0x9d1</value>
         <object_component_ref idref="oc-d2"/>
      </symbol>
      <symbol id="sm-5b">
         <name>SYSCFG_DL_RTC_init</name>
         <value>0xe79</value>
         <object_component_ref idref="oc-d3"/>
      </symbol>
      <symbol id="sm-5c">
         <name>gSPI_targetBackup</name>
         <value>0x20200000</value>
      </symbol>
      <symbol id="sm-b7">
         <name>rtc_init</name>
         <value>0xc1</value>
         <object_component_ref idref="oc-a6"/>
      </symbol>
      <symbol id="sm-b8">
         <name>rtc_setDate</name>
         <value>0xb91</value>
         <object_component_ref idref="oc-92"/>
      </symbol>
      <symbol id="sm-b9">
         <name>rtcFlag</name>
         <value>0x2020005c</value>
      </symbol>
      <symbol id="sm-ba">
         <name>rtc_setWakeInt</name>
         <value>0x435</value>
         <object_component_ref idref="oc-8c"/>
      </symbol>
      <symbol id="sm-bb">
         <name>rtc_setOutCfg</name>
         <value>0xe91</value>
         <object_component_ref idref="oc-8d"/>
      </symbol>
      <symbol id="sm-bc">
         <name>rtc_setSeconds</name>
         <value>0xe01</value>
         <object_component_ref idref="oc-8e"/>
      </symbol>
      <symbol id="sm-bd">
         <name>rtc_setMinutes</name>
         <value>0xdb9</value>
         <object_component_ref idref="oc-8f"/>
      </symbol>
      <symbol id="sm-be">
         <name>rtc_setHours</name>
         <value>0xd95</value>
         <object_component_ref idref="oc-90"/>
      </symbol>
      <symbol id="sm-bf">
         <name>rtc_setYear</name>
         <value>0xe25</value>
         <object_component_ref idref="oc-94"/>
      </symbol>
      <symbol id="sm-c0">
         <name>rtc_setMonth</name>
         <value>0xddd</value>
         <object_component_ref idref="oc-93"/>
      </symbol>
      <symbol id="sm-c1">
         <name>rtc_setWeekday</name>
         <value>0xd21</value>
         <object_component_ref idref="oc-91"/>
      </symbol>
      <symbol id="sm-c2">
         <name>rtc_getWakeInt</name>
         <value>0xf25</value>
         <object_component_ref idref="oc-83"/>
      </symbol>
      <symbol id="sm-c3">
         <name>rtc_getOutCfg</name>
         <value>0xf0d</value>
         <object_component_ref idref="oc-84"/>
      </symbol>
      <symbol id="sm-c4">
         <name>rtc_getSeconds</name>
         <value>0xf19</value>
         <object_component_ref idref="oc-85"/>
      </symbol>
      <symbol id="sm-c5">
         <name>rtc_getMinutes</name>
         <value>0xef5</value>
         <object_component_ref idref="oc-86"/>
      </symbol>
      <symbol id="sm-c6">
         <name>rtc_getHours</name>
         <value>0xee9</value>
         <object_component_ref idref="oc-87"/>
      </symbol>
      <symbol id="sm-c7">
         <name>rtc_getDate</name>
         <value>0xedd</value>
         <object_component_ref idref="oc-89"/>
      </symbol>
      <symbol id="sm-c8">
         <name>rtc_getMonth</name>
         <value>0xf01</value>
         <object_component_ref idref="oc-8a"/>
      </symbol>
      <symbol id="sm-c9">
         <name>rtc_getYear</name>
         <value>0xf3d</value>
         <object_component_ref idref="oc-8b"/>
      </symbol>
      <symbol id="sm-ca">
         <name>rtc_getWeekday</name>
         <value>0xf31</value>
         <object_component_ref idref="oc-88"/>
      </symbol>
      <symbol id="sm-cb">
         <name>rtc_runRTC</name>
         <value>0x2a9</value>
         <object_component_ref idref="oc-a7"/>
      </symbol>
      <symbol id="sm-cc">
         <name>RTC_IRQHandler</name>
         <value>0xe61</value>
         <object_component_ref idref="oc-2e"/>
      </symbol>
      <symbol id="sm-e6">
         <name>GROUP1_IRQHandler</name>
         <value>0xbdd</value>
         <object_component_ref idref="oc-28"/>
      </symbol>
      <symbol id="sm-e7">
         <name>gSpiState</name>
         <value>0x2020005f</value>
         <object_component_ref idref="oc-56"/>
      </symbol>
      <symbol id="sm-e8">
         <name>gRxCount</name>
         <value>0x2020005e</value>
         <object_component_ref idref="oc-57"/>
      </symbol>
      <symbol id="sm-e9">
         <name>spiFlag</name>
         <value>0x2020005d</value>
      </symbol>
      <symbol id="sm-ea">
         <name>gTest</name>
         <value>0x20200060</value>
         <object_component_ref idref="oc-59"/>
      </symbol>
      <symbol id="sm-eb">
         <name>SPI1_IRQHandler</name>
         <value>0x601</value>
         <object_component_ref idref="oc-2d"/>
      </symbol>
      <symbol id="sm-ec">
         <name>spi_targetTx</name>
         <value>0x7ed</value>
         <object_component_ref idref="oc-5d"/>
      </symbol>
      <symbol id="sm-ed">
         <name>spi_targetRx</name>
         <value>0x521</value>
         <object_component_ref idref="oc-5e"/>
      </symbol>
      <symbol id="sm-ee">
         <name>regPointer</name>
         <value>0x20200061</value>
         <object_component_ref idref="oc-65"/>
      </symbol>
      <symbol id="sm-f9">
         <name>Default_Handler</name>
         <value>0x757</value>
         <object_component_ref idref="oc-27"/>
      </symbol>
      <symbol id="sm-fa">
         <name>Reset_Handler</name>
         <value>0xf5d</value>
         <object_component_ref idref="oc-23"/>
      </symbol>
      <symbol id="sm-fb">
         <name>interruptVectors</name>
         <value>0x0</value>
         <object_component_ref idref="oc-15"/>
      </symbol>
      <symbol id="sm-fc">
         <name>NMI_Handler</name>
         <value>0x757</value>
         <object_component_ref idref="oc-27"/>
      </symbol>
      <symbol id="sm-fd">
         <name>HardFault_Handler</name>
         <value>0x757</value>
         <object_component_ref idref="oc-27"/>
      </symbol>
      <symbol id="sm-fe">
         <name>SVC_Handler</name>
         <value>0x757</value>
         <object_component_ref idref="oc-27"/>
      </symbol>
      <symbol id="sm-ff">
         <name>PendSV_Handler</name>
         <value>0x757</value>
         <object_component_ref idref="oc-27"/>
      </symbol>
      <symbol id="sm-100">
         <name>SysTick_Handler</name>
         <value>0x757</value>
         <object_component_ref idref="oc-27"/>
      </symbol>
      <symbol id="sm-101">
         <name>GROUP0_IRQHandler</name>
         <value>0x757</value>
         <object_component_ref idref="oc-27"/>
      </symbol>
      <symbol id="sm-102">
         <name>TIMG1_IRQHandler</name>
         <value>0x757</value>
         <object_component_ref idref="oc-27"/>
      </symbol>
      <symbol id="sm-103">
         <name>UART3_IRQHandler</name>
         <value>0x757</value>
         <object_component_ref idref="oc-27"/>
      </symbol>
      <symbol id="sm-104">
         <name>ADC0_IRQHandler</name>
         <value>0x757</value>
         <object_component_ref idref="oc-27"/>
      </symbol>
      <symbol id="sm-105">
         <name>ADC1_IRQHandler</name>
         <value>0x757</value>
         <object_component_ref idref="oc-27"/>
      </symbol>
      <symbol id="sm-106">
         <name>CANFD0_IRQHandler</name>
         <value>0x757</value>
         <object_component_ref idref="oc-27"/>
      </symbol>
      <symbol id="sm-107">
         <name>DAC0_IRQHandler</name>
         <value>0x757</value>
         <object_component_ref idref="oc-27"/>
      </symbol>
      <symbol id="sm-108">
         <name>SPI0_IRQHandler</name>
         <value>0x757</value>
         <object_component_ref idref="oc-27"/>
      </symbol>
      <symbol id="sm-109">
         <name>UART1_IRQHandler</name>
         <value>0x757</value>
         <object_component_ref idref="oc-27"/>
      </symbol>
      <symbol id="sm-10a">
         <name>UART2_IRQHandler</name>
         <value>0x757</value>
         <object_component_ref idref="oc-27"/>
      </symbol>
      <symbol id="sm-10b">
         <name>UART0_IRQHandler</name>
         <value>0x757</value>
         <object_component_ref idref="oc-27"/>
      </symbol>
      <symbol id="sm-10c">
         <name>TIMG0_IRQHandler</name>
         <value>0x757</value>
         <object_component_ref idref="oc-27"/>
      </symbol>
      <symbol id="sm-10d">
         <name>TIMG10_IRQHandler</name>
         <value>0x757</value>
         <object_component_ref idref="oc-27"/>
      </symbol>
      <symbol id="sm-10e">
         <name>TIMA0_IRQHandler</name>
         <value>0x757</value>
         <object_component_ref idref="oc-27"/>
      </symbol>
      <symbol id="sm-10f">
         <name>TIMA1_IRQHandler</name>
         <value>0x757</value>
         <object_component_ref idref="oc-27"/>
      </symbol>
      <symbol id="sm-110">
         <name>TIMA2_IRQHandler</name>
         <value>0x757</value>
         <object_component_ref idref="oc-27"/>
      </symbol>
      <symbol id="sm-111">
         <name>TIMH0_IRQHandler</name>
         <value>0x757</value>
         <object_component_ref idref="oc-27"/>
      </symbol>
      <symbol id="sm-112">
         <name>I2C0_IRQHandler</name>
         <value>0x757</value>
         <object_component_ref idref="oc-27"/>
      </symbol>
      <symbol id="sm-113">
         <name>I2C1_IRQHandler</name>
         <value>0x757</value>
         <object_component_ref idref="oc-27"/>
      </symbol>
      <symbol id="sm-114">
         <name>AES_IRQHandler</name>
         <value>0x757</value>
         <object_component_ref idref="oc-27"/>
      </symbol>
      <symbol id="sm-115">
         <name>DMA_IRQHandler</name>
         <value>0x757</value>
         <object_component_ref idref="oc-27"/>
      </symbol>
      <symbol id="sm-11e">
         <name>DL_Common_delayCycles</name>
         <value>0xf49</value>
         <object_component_ref idref="oc-ee"/>
      </symbol>
      <symbol id="sm-12c">
         <name>DL_RTC_initCalendar</name>
         <value>0x759</value>
         <object_component_ref idref="oc-fe"/>
      </symbol>
      <symbol id="sm-12d">
         <name>DL_RTC_getCalendarTime</name>
         <value>0x881</value>
         <object_component_ref idref="oc-d8"/>
      </symbol>
      <symbol id="sm-13d">
         <name>DL_SPI_init</name>
         <value>0xc25</value>
         <object_component_ref idref="oc-fb"/>
      </symbol>
      <symbol id="sm-13e">
         <name>DL_SPI_setClockConfig</name>
         <value>0xeb9</value>
         <object_component_ref idref="oc-fa"/>
      </symbol>
      <symbol id="sm-13f">
         <name>DL_SPI_transmitDataCheck8</name>
         <value>0xe45</value>
         <object_component_ref idref="oc-5f"/>
      </symbol>
      <symbol id="sm-14d">
         <name>DL_SYSCTL_setLFCLKSourceLFXT</name>
         <value>0xa35</value>
         <object_component_ref idref="oc-f2"/>
      </symbol>
      <symbol id="sm-14e">
         <name>DL_SYSCTL_switchMCLKfromLFCLKtoSYSOSC</name>
         <value>0xca9</value>
         <object_component_ref idref="oc-f8"/>
      </symbol>
      <symbol id="sm-158">
         <name>__TI_zero_init_nomemset</name>
         <value>0xea5</value>
         <object_component_ref idref="oc-46"/>
      </symbol>
      <symbol id="sm-161">
         <name>__TI_decompress_none</name>
         <value>0xecb</value>
         <object_component_ref idref="oc-1d"/>
      </symbol>
      <symbol id="sm-16c">
         <name>__TI_decompress_lzss</name>
         <value>0x969</value>
         <object_component_ref idref="oc-19"/>
      </symbol>
      <symbol id="sm-177">
         <name>_c_int00_noargs</name>
         <value>0xd49</value>
         <object_component_ref idref="oc-4f"/>
      </symbol>
      <symbol id="sm-178">
         <name>__stack</name>
         <value>0x20207e00</value>
         <object_component_ref idref="oc-17"/>
      </symbol>
      <symbol id="sm-183">
         <name>abort</name>
         <value>0xf65</value>
         <object_component_ref idref="oc-ab"/>
      </symbol>
      <symbol id="sm-184">
         <name>C$$EXIT</name>
         <value>0xf64</value>
         <object_component_ref idref="oc-ab"/>
      </symbol>
      <symbol id="sm-191">
         <name>__TI_auto_init_nobinit_nopinit</name>
         <value>0xce5</value>
         <object_component_ref idref="oc-b2"/>
      </symbol>
      <symbol id="sm-199">
         <name>_system_pre_init</name>
         <value>0xf61</value>
         <object_component_ref idref="oc-71"/>
      </symbol>
      <symbol id="sm-1a0">
         <name>__aeabi_memcpy</name>
         <value>0xf55</value>
         <object_component_ref idref="oc-3f"/>
      </symbol>
      <symbol id="sm-1a1">
         <name>__aeabi_memcpy4</name>
         <value>0xf55</value>
         <object_component_ref idref="oc-3f"/>
      </symbol>
      <symbol id="sm-1a2">
         <name>__aeabi_memcpy8</name>
         <value>0xf55</value>
         <object_component_ref idref="oc-3f"/>
      </symbol>
      <symbol id="sm-1bb">
         <name>memcpy</name>
         <value>0x6bd</value>
         <object_component_ref idref="oc-9c"/>
      </symbol>
      <symbol id="sm-1bc">
         <name>__TI_static_base__</name>
         <value>0x0</value>
      </symbol>
      <symbol id="sm-1bf">
         <name>__mpu_init</name>
         <value>0x0</value>
      </symbol>
      <symbol id="sm-1c0">
         <name>_system_post_cinit</name>
         <value>0x0</value>
      </symbol>
   </symbol_table>
   <title>Link successful</title>
</link_info>
