******************************************************************************
            TI ARM Clang Linker PC v2.1.2                      
******************************************************************************
>> Linked Thu Jan 26 17:54:43 2023

OUTPUT FILE NAME:   <mspm0-linux-spi-rtc.out>
ENTRY POINT SYMBOL: "_c_int00_noargs"  address: 00000d49


MEMORY CONFIGURATION

         name            origin    length      used     unused   attr    fill
----------------------  --------  ---------  --------  --------  ----  --------
  FLASH                 00000000   00020000  00000fc0  0001f040  R  X
  SRAM                  20200000   00008000  00000262  00007d9e  RW X


SEGMENT ALLOCATION MAP

run origin  load origin   length   init length attrs members
----------  ----------- ---------- ----------- ----- -------
00000000    00000000    00000fc0   00000fc0    r-x
  00000000    00000000    000000c0   000000c0    r-- .intvecs
  000000c0    000000c0    00000ea8   00000ea8    r-x .text
  00000f68    00000f68    00000028   00000028    r-- .rodata
  00000f90    00000f90    00000030   00000030    r-- .cinit
20200000    20200000    00000062   00000000    rw-
  20200000    20200000    0000005e   00000000    rw- .bss
  2020005e    2020005e    00000004   00000000    rw- .data
20207e00    20207e00    00000200   00000000    rw-
  20207e00    20207e00    00000200   00000000    rw- .stack


SECTION ALLOCATION MAP

 output                                  attributes/
section   page    origin      length       input sections
--------  ----  ----------  ----------   ----------------
.intvecs   0    00000000    000000c0     
                  00000000    000000c0     startup_mspm0g3507_ticlang.o (.intvecs)

.text      0    000000c0    00000ea8     
                  000000c0    000001e8     rtc.o (.text.rtc_init)
                  000002a8    0000018c     rtc.o (.text.rtc_runRTC)
                  00000434    000000ec     rtc.o (.text.rtc_setWakeInt)
                  00000520    000000e0     spi_target.o (.text.spi_targetRx)
                  00000600    000000bc     spi_target.o (.text.SPI1_IRQHandler)
                  000006bc    0000009a     libc.a : memcpy16.S.obj (.text:memcpy)
                  00000756    00000002     startup_mspm0g3507_ticlang.o (.text.Default_Handler)
                  00000758    00000094     driverlib.a : dl_rtc.o (.text.DL_RTC_initCalendar)
                  000007ec    00000094     spi_target.o (.text.spi_targetTx)
                  00000880    0000007c     driverlib.a : dl_rtc.o (.text.DL_RTC_getCalendarTime)
                  000008fc    0000006c     mspm0-linux-spi-rtc.o (.text.main)
                  00000968    00000068     libc.a : copy_decompress_lzss.c.obj (.text:decompress:lzss)
                  000009d0    00000064     ti_msp_dl_config.o (.text.SYSCFG_DL_SPI_target_init)
                  00000a34    00000060     driverlib.a : dl_sysctl_mspm0g.o (.text.DL_SYSCTL_setLFCLKSourceLFXT)
                  00000a94    00000058     ti_msp_dl_config.o (.text.SYSCFG_DL_SYSCTL_init)
                  00000aec    00000054     rtc.o (.text.rtc_periph_init)
                  00000b40    00000050     ti_msp_dl_config.o (.text.SYSCFG_DL_GPIO_init)
                  00000b90    0000004c     rtc.o (.text.rtc_setDate)
                  00000bdc    00000048     spi_target.o (.text.GROUP1_IRQHandler)
                  00000c24    00000044     driverlib.a : dl_spi.o (.text.DL_SPI_init)
                  00000c68    00000040     ti_msp_dl_config.o (.text.SYSCFG_DL_initPower)
                  00000ca8    0000003c     driverlib.a : dl_sysctl_mspm0g.o (.text.DL_SYSCTL_switchMCLKfromLFCLKtoSYSOSC)
                  00000ce4    0000003c     libc.a : autoinit.c.obj (.text:__TI_auto_init_nobinit_nopinit)
                  00000d20    00000028     rtc.o (.text.rtc_setWeekday)
                  00000d48    00000028     libc.a : boot_cortex_m.c.obj (.text:_c_int00_noargs)
                  00000d70    00000024     ti_msp_dl_config.o (.text.SYSCFG_DL_init)
                  00000d94    00000024     rtc.o (.text.rtc_setHours)
                  00000db8    00000024     rtc.o (.text.rtc_setMinutes)
                  00000ddc    00000024     rtc.o (.text.rtc_setMonth)
                  00000e00    00000024     rtc.o (.text.rtc_setSeconds)
                  00000e24    00000020     rtc.o (.text.rtc_setYear)
                  00000e44    0000001c     driverlib.a : dl_spi.o (.text.DL_SPI_transmitDataCheck8)
                  00000e60    00000018     rtc.o (.text.RTC_IRQHandler)
                  00000e78    00000018     ti_msp_dl_config.o (.text.SYSCFG_DL_RTC_init)
                  00000e90    00000014     rtc.o (.text.rtc_setOutCfg)
                  00000ea4    00000014     libc.a : copy_zero_init.c.obj (.text:decompress:ZI:__TI_zero_init_nomemset)
                  00000eb8    00000012     driverlib.a : dl_spi.o (.text.DL_SPI_setClockConfig)
                  00000eca    00000012     libc.a : copy_decompress_none.c.obj (.text:decompress:none)
                  00000edc    0000000c     rtc.o (.text.rtc_getDate)
                  00000ee8    0000000c     rtc.o (.text.rtc_getHours)
                  00000ef4    0000000c     rtc.o (.text.rtc_getMinutes)
                  00000f00    0000000c     rtc.o (.text.rtc_getMonth)
                  00000f0c    0000000c     rtc.o (.text.rtc_getOutCfg)
                  00000f18    0000000c     rtc.o (.text.rtc_getSeconds)
                  00000f24    0000000c     rtc.o (.text.rtc_getWakeInt)
                  00000f30    0000000c     rtc.o (.text.rtc_getWeekday)
                  00000f3c    0000000c     rtc.o (.text.rtc_getYear)
                  00000f48    0000000a     driverlib.a : dl_common.o (.text.DL_Common_delayCycles)
                  00000f52    00000002     --HOLE-- [fill = 0]
                  00000f54    00000008     libclang_rt.builtins.a : aeabi_memcpy.S.obj (.text)
                  00000f5c    00000004     startup_mspm0g3507_ticlang.o (.text.Reset_Handler)
                  00000f60    00000004     libc.a : pre_init.c.obj (.text._system_pre_init)
                  00000f64    00000004            : exit.c.obj (.text:abort)

.cinit     0    00000f90    00000030     
                  00000f90    0000000c     (__TI_handler_table)
                  00000f9c    00000008     (.cinit..bss.load) [load image, compression = zero_init]
                  00000fa4    00000008     (.cinit..data.load) [load image, compression = lzss]
                  00000fac    00000010     (__TI_cinit_table)
                  00000fbc    00000004     --HOLE-- [fill = 0]

.rodata    0    00000f68    00000028     
                  00000f68    00000010     ti_msp_dl_config.o (.rodata.gSPI_target_config)
                  00000f78    0000000c     rtc.o (.rodata.RTC_BOUNDS_DATE_MONTH)
                  00000f84    00000003     ti_msp_dl_config.o (.rodata.gSYSCTLConfig)
                  00000f87    00000002     ti_msp_dl_config.o (.rodata.gSPI_target_clockConfig)
                  00000f89    00000007     --HOLE-- [fill = 0]

.init_array 
*          0    00000000    00000000     UNINITIALIZED

.bss       0    20200000    0000005e     UNINITIALIZED
                  20200000    00000028     (.common:gSPI_targetBackup)
                  20200028    00000020     rtc.o (.bss.RTC_Registers)
                  20200048    00000008     rtc.o (.bss.rtcData)
                  20200050    00000004     rtc.o (.bss.nTicks)
                  20200054    00000004     rtc.o (.bss.perAlarmTicks)
                  20200058    00000004     rtc.o (.bss.ticksPerSec)
                  2020005c    00000001     (.common:rtcFlag)
                  2020005d    00000001     (.common:spiFlag)

.data      0    2020005e    00000004     UNINITIALIZED
                  2020005e    00000001     spi_target.o (.data.gRxCount)
                  2020005f    00000001     spi_target.o (.data.gSpiState)
                  20200060    00000001     spi_target.o (.data.gTest)
                  20200061    00000001     spi_target.o (.data.regPointer)

.stack     0    20207e00    00000200     UNINITIALIZED
                  20207e00    00000004     libc.a : boot_cortex_m.c.obj (.stack)
                  20207e04    000001fc     --HOLE--

__llvm_prf_cnts 
*          0    20200000    00000000     UNINITIALIZED

__llvm_prf_bits 
*          0    20200000    00000000     UNINITIALIZED

MODULE SUMMARY

       Module                         code   ro data   rw data
       ------                         ----   -------   -------
    .\
       rtc.o                          1648   12        53     
       spi_target.o                   632    0         5      
       mspm0-linux-spi-rtc.o          108    0         0      
    +--+------------------------------+------+---------+---------+
       Total:                         2388   12        58     
                                                              
    .\syscfg\
       ti_msp_dl_config.o             392    21        40     
    +--+------------------------------+------+---------+---------+
       Total:                         392    21        40     
                                                              
    .\ticlang\
       startup_mspm0g3507_ticlang.o   6      192       0      
    +--+------------------------------+------+---------+---------+
       Total:                         6      192       0      
                                                              
    C:/ti/mspm0_sdk_0_52_00_03_eng/source/ti/driverlib/lib/ticlang/m0p/mspm0g/driverlib.a
       dl_rtc.o                       272    0         0      
       dl_sysctl_mspm0g.o             156    0         0      
       dl_spi.o                       114    0         0      
       dl_common.o                    10     0         0      
    +--+------------------------------+------+---------+---------+
       Total:                         552    0         0      
                                                              
    C:\ti\ccs1210\ccs\tools\compiler\ti-cgt-armllvm_2.1.2.LTS\lib\armv6m-ti-none-eabi/c/libc.a
       memcpy16.S.obj                 154    0         0      
       copy_decompress_lzss.c.obj     104    0         0      
       autoinit.c.obj                 60     0         0      
       boot_cortex_m.c.obj            40     0         0      
       copy_zero_init.c.obj           20     0         0      
       copy_decompress_none.c.obj     18     0         0      
       exit.c.obj                     4      0         0      
       pre_init.c.obj                 4      0         0      
    +--+------------------------------+------+---------+---------+
       Total:                         404    0         0      
                                                              
    C:\ti\ccs1210\ccs\tools\compiler\ti-cgt-armllvm_2.1.2.LTS\lib\clang/14.0.6/lib/armv6m-ti-none-eabi/libclang_rt.builtins.a
       aeabi_memcpy.S.obj             8      0         0      
    +--+------------------------------+------+---------+---------+
       Total:                         8      0         0      
                                                              
       Stack:                         0      0         512    
       Linker Generated:              0      44        0      
    +--+------------------------------+------+---------+---------+
       Grand Total:                   3750   269       610    


LINKER GENERATED COPY TABLES

__TI_cinit_table @ 00000fac records: 2, size/record: 8, table size: 16
	.bss: load addr=00000f9c, load size=00000008 bytes, run addr=20200000, run size=0000005e bytes, compression=zero_init
	.data: load addr=00000fa4, load size=00000008 bytes, run addr=2020005e, run size=00000004 bytes, compression=lzss


LINKER GENERATED HANDLER TABLE

__TI_handler_table @ 00000f90 records: 3, size/record: 4, table size: 12
	index: 0, handler: __TI_decompress_lzss
	index: 1, handler: __TI_decompress_none
	index: 2, handler: __TI_zero_init


GLOBAL SYMBOLS: SORTED ALPHABETICALLY BY Name 

address   name                                 
-------   ----                                 
00000757  ADC0_IRQHandler                      
00000757  ADC1_IRQHandler                      
00000757  AES_IRQHandler                       
00000f64  C$$EXIT                              
00000757  CANFD0_IRQHandler                    
00000757  DAC0_IRQHandler                      
00000f49  DL_Common_delayCycles                
00000881  DL_RTC_getCalendarTime               
00000759  DL_RTC_initCalendar                  
00000c25  DL_SPI_init                          
00000eb9  DL_SPI_setClockConfig                
00000e45  DL_SPI_transmitDataCheck8            
00000a35  DL_SYSCTL_setLFCLKSourceLFXT         
00000ca9  DL_SYSCTL_switchMCLKfromLFCLKtoSYSOSC
00000757  DMA_IRQHandler                       
00000757  Default_Handler                      
00000757  GROUP0_IRQHandler                    
00000bdd  GROUP1_IRQHandler                    
00000757  HardFault_Handler                    
00000757  I2C0_IRQHandler                      
00000757  I2C1_IRQHandler                      
00000757  NMI_Handler                          
00000757  PendSV_Handler                       
00000e61  RTC_IRQHandler                       
00000f5d  Reset_Handler                        
00000757  SPI0_IRQHandler                      
00000601  SPI1_IRQHandler                      
00000757  SVC_Handler                          
00000b41  SYSCFG_DL_GPIO_init                  
00000e79  SYSCFG_DL_RTC_init                   
000009d1  SYSCFG_DL_SPI_target_init            
00000a95  SYSCFG_DL_SYSCTL_init                
00000d71  SYSCFG_DL_init                       
00000c69  SYSCFG_DL_initPower                  
00000757  SysTick_Handler                      
00000757  TIMA0_IRQHandler                     
00000757  TIMA1_IRQHandler                     
00000757  TIMA2_IRQHandler                     
00000757  TIMG0_IRQHandler                     
00000757  TIMG10_IRQHandler                    
00000757  TIMG1_IRQHandler                     
00000757  TIMH0_IRQHandler                     
00000757  UART0_IRQHandler                     
00000757  UART1_IRQHandler                     
00000757  UART2_IRQHandler                     
00000757  UART3_IRQHandler                     
20208000  __STACK_END                          
00000200  __STACK_SIZE                         
00000fac  __TI_CINIT_Base                      
00000fbc  __TI_CINIT_Limit                     
00000fbc  __TI_CINIT_Warm                      
00000f90  __TI_Handler_Table_Base              
00000f9c  __TI_Handler_Table_Limit             
00000ce5  __TI_auto_init_nobinit_nopinit       
00000969  __TI_decompress_lzss                 
00000ecb  __TI_decompress_none                 
ffffffff  __TI_pprof_out_hndl                  
ffffffff  __TI_prof_data_size                  
ffffffff  __TI_prof_data_start                 
00000000  __TI_static_base__                   
00000ea5  __TI_zero_init_nomemset              
00000f55  __aeabi_memcpy                       
00000f55  __aeabi_memcpy4                      
00000f55  __aeabi_memcpy8                      
ffffffff  __binit__                            
UNDEFED   __mpu_init                           
20207e00  __stack                              
20200000  __start___llvm_prf_bits              
20200000  __start___llvm_prf_cnts              
20200000  __stop___llvm_prf_bits               
20200000  __stop___llvm_prf_cnts               
00000d49  _c_int00_noargs                      
UNDEFED   _system_post_cinit                   
00000f61  _system_pre_init                     
00000f65  abort                                
ffffffff  binit                                
2020005e  gRxCount                             
20200000  gSPI_targetBackup                    
2020005f  gSpiState                            
20200060  gTest                                
00000000  interruptVectors                     
000008fd  main                                 
000006bd  memcpy                               
20200061  regPointer                           
2020005c  rtcFlag                              
00000edd  rtc_getDate                          
00000ee9  rtc_getHours                         
00000ef5  rtc_getMinutes                       
00000f01  rtc_getMonth                         
00000f0d  rtc_getOutCfg                        
00000f19  rtc_getSeconds                       
00000f25  rtc_getWakeInt                       
00000f31  rtc_getWeekday                       
00000f3d  rtc_getYear                          
000000c1  rtc_init                             
000002a9  rtc_runRTC                           
00000b91  rtc_setDate                          
00000d95  rtc_setHours                         
00000db9  rtc_setMinutes                       
00000ddd  rtc_setMonth                         
00000e91  rtc_setOutCfg                        
00000e01  rtc_setSeconds                       
00000435  rtc_setWakeInt                       
00000d21  rtc_setWeekday                       
00000e25  rtc_setYear                          
2020005d  spiFlag                              
00000521  spi_targetRx                         
000007ed  spi_targetTx                         


GLOBAL SYMBOLS: SORTED BY Symbol Address 

address   name                                 
-------   ----                                 
00000000  __TI_static_base__                   
00000000  interruptVectors                     
000000c1  rtc_init                             
00000200  __STACK_SIZE                         
000002a9  rtc_runRTC                           
00000435  rtc_setWakeInt                       
00000521  spi_targetRx                         
00000601  SPI1_IRQHandler                      
000006bd  memcpy                               
00000757  ADC0_IRQHandler                      
00000757  ADC1_IRQHandler                      
00000757  AES_IRQHandler                       
00000757  CANFD0_IRQHandler                    
00000757  DAC0_IRQHandler                      
00000757  DMA_IRQHandler                       
00000757  Default_Handler                      
00000757  GROUP0_IRQHandler                    
00000757  HardFault_Handler                    
00000757  I2C0_IRQHandler                      
00000757  I2C1_IRQHandler                      
00000757  NMI_Handler                          
00000757  PendSV_Handler                       
00000757  SPI0_IRQHandler                      
00000757  SVC_Handler                          
00000757  SysTick_Handler                      
00000757  TIMA0_IRQHandler                     
00000757  TIMA1_IRQHandler                     
00000757  TIMA2_IRQHandler                     
00000757  TIMG0_IRQHandler                     
00000757  TIMG10_IRQHandler                    
00000757  TIMG1_IRQHandler                     
00000757  TIMH0_IRQHandler                     
00000757  UART0_IRQHandler                     
00000757  UART1_IRQHandler                     
00000757  UART2_IRQHandler                     
00000757  UART3_IRQHandler                     
00000759  DL_RTC_initCalendar                  
000007ed  spi_targetTx                         
00000881  DL_RTC_getCalendarTime               
000008fd  main                                 
00000969  __TI_decompress_lzss                 
000009d1  SYSCFG_DL_SPI_target_init            
00000a35  DL_SYSCTL_setLFCLKSourceLFXT         
00000a95  SYSCFG_DL_SYSCTL_init                
00000b41  SYSCFG_DL_GPIO_init                  
00000b91  rtc_setDate                          
00000bdd  GROUP1_IRQHandler                    
00000c25  DL_SPI_init                          
00000c69  SYSCFG_DL_initPower                  
00000ca9  DL_SYSCTL_switchMCLKfromLFCLKtoSYSOSC
00000ce5  __TI_auto_init_nobinit_nopinit       
00000d21  rtc_setWeekday                       
00000d49  _c_int00_noargs                      
00000d71  SYSCFG_DL_init                       
00000d95  rtc_setHours                         
00000db9  rtc_setMinutes                       
00000ddd  rtc_setMonth                         
00000e01  rtc_setSeconds                       
00000e25  rtc_setYear                          
00000e45  DL_SPI_transmitDataCheck8            
00000e61  RTC_IRQHandler                       
00000e79  SYSCFG_DL_RTC_init                   
00000e91  rtc_setOutCfg                        
00000ea5  __TI_zero_init_nomemset              
00000eb9  DL_SPI_setClockConfig                
00000ecb  __TI_decompress_none                 
00000edd  rtc_getDate                          
00000ee9  rtc_getHours                         
00000ef5  rtc_getMinutes                       
00000f01  rtc_getMonth                         
00000f0d  rtc_getOutCfg                        
00000f19  rtc_getSeconds                       
00000f25  rtc_getWakeInt                       
00000f31  rtc_getWeekday                       
00000f3d  rtc_getYear                          
00000f49  DL_Common_delayCycles                
00000f55  __aeabi_memcpy                       
00000f55  __aeabi_memcpy4                      
00000f55  __aeabi_memcpy8                      
00000f5d  Reset_Handler                        
00000f61  _system_pre_init                     
00000f64  C$$EXIT                              
00000f65  abort                                
00000f90  __TI_Handler_Table_Base              
00000f9c  __TI_Handler_Table_Limit             
00000fac  __TI_CINIT_Base                      
00000fbc  __TI_CINIT_Limit                     
00000fbc  __TI_CINIT_Warm                      
20200000  __start___llvm_prf_bits              
20200000  __start___llvm_prf_cnts              
20200000  __stop___llvm_prf_bits               
20200000  __stop___llvm_prf_cnts               
20200000  gSPI_targetBackup                    
2020005c  rtcFlag                              
2020005d  spiFlag                              
2020005e  gRxCount                             
2020005f  gSpiState                            
20200060  gTest                                
20200061  regPointer                           
20207e00  __stack                              
20208000  __STACK_END                          
ffffffff  __TI_pprof_out_hndl                  
ffffffff  __TI_prof_data_size                  
ffffffff  __TI_prof_data_start                 
ffffffff  __binit__                            
ffffffff  binit                                
UNDEFED   __mpu_init                           
UNDEFED   _system_post_cinit                   

[108 symbols]
