******************************************************************************
            TI ARM Clang Linker PC v2.1.2                      
******************************************************************************
>> Linked Tue Jan 24 11:30:54 2023

OUTPUT FILE NAME:   <mspm0-linux-i2c-rtc.out>
ENTRY POINT SYMBOL: "_c_int00_noargs"  address: 00000cf5


MEMORY CONFIGURATION

         name            origin    length      used     unused   attr    fill
----------------------  --------  ---------  --------  --------  ----  --------
  FLASH                 00000000   00020000  00000f70  0001f090  R  X
  SRAM                  20200000   00008000  00000252  00007dae  RW X


SEGMENT ALLOCATION MAP

run origin  load origin   length   init length attrs members
----------  ----------- ---------- ----------- ----- -------
00000000    00000000    00000f70   00000f70    r-x
  00000000    00000000    000000c0   000000c0    r-- .intvecs
  000000c0    000000c0    00000e68   00000e68    r-x .text
  00000f28    00000f28    00000018   00000018    r-- .rodata
  00000f40    00000f40    00000030   00000030    r-- .cinit
20200000    20200000    00000052   00000000    rw-
  20200000    20200000    00000050   00000000    rw- .bss
  20200050    20200050    00000002   00000000    rw- .data
20207e00    20207e00    00000200   00000000    rw-
  20207e00    20207e00    00000200   00000000    rw- .stack


SECTION ALLOCATION MAP

 output                                  attributes/
section   page    origin      length       input sections
--------  ----  ----------  ----------   ----------------
.intvecs   0    00000000    000000c0     
                  00000000    000000c0     startup_mspm0g3507_ticlang.o (.intvecs)

.text      0    000000c0    00000e68     
                  000000c0    000001e8     rtc.o (.text.rtc_init)
                  000002a8    00000194     rtc.o (.text.rtc_runRTC)
                  0000043c    000000f0     i2c_target.o (.text.I2C1_IRQHandler)
                  0000052c    000000ec     rtc.o (.text.rtc_setWakeInt)
                  00000618    000000a6     i2c_target.o (.text.i2c_targetRx)
                  000006be    00000002     startup_mspm0g3507_ticlang.o (.text.Default_Handler)
                  000006c0    0000009c     i2c_target.o (.text.i2c_targetTx)
                  0000075c    0000009a     libc.a : memcpy16.S.obj (.text:memcpy)
                  000007f6    00000002     --HOLE-- [fill = 0]
                  000007f8    00000094     driverlib.a : dl_rtc.o (.text.DL_RTC_initCalendar)
                  0000088c    0000007c                 : dl_rtc.o (.text.DL_RTC_getCalendarTime)
                  00000908    00000070     mspm0-linux-rtc.o (.text.main)
                  00000978    00000068     libc.a : copy_decompress_lzss.c.obj (.text:decompress:lzss)
                  000009e0    00000060     driverlib.a : dl_sysctl_mspm0g.o (.text.DL_SYSCTL_setLFCLKSourceLFXT)
                  00000a40    00000058     ti_msp_dl_config.o (.text.SYSCFG_DL_I2C_target_init)
                  00000a98    00000058     ti_msp_dl_config.o (.text.SYSCFG_DL_SYSCTL_init)
                  00000af0    00000054     rtc.o (.text.rtc_periph_init)
                  00000b44    0000004c     rtc.o (.text.rtc_setDate)
                  00000b90    00000044     driverlib.a : dl_i2c.o (.text.DL_I2C_flushTargetTXFIFO)
                  00000bd4    00000040     ti_msp_dl_config.o (.text.SYSCFG_DL_GPIO_init)
                  00000c14    00000040     ti_msp_dl_config.o (.text.SYSCFG_DL_initPower)
                  00000c54    0000003c     driverlib.a : dl_sysctl_mspm0g.o (.text.DL_SYSCTL_switchMCLKfromLFCLKtoSYSOSC)
                  00000c90    0000003c     libc.a : autoinit.c.obj (.text:__TI_auto_init_nobinit_nopinit)
                  00000ccc    00000028     rtc.o (.text.rtc_setWeekday)
                  00000cf4    00000028     libc.a : boot_cortex_m.c.obj (.text:_c_int00_noargs)
                  00000d1c    00000026     driverlib.a : dl_i2c.o (.text.DL_I2C_setClockConfig)
                  00000d42    00000002     --HOLE-- [fill = 0]
                  00000d44    00000024                 : dl_i2c.o (.text.DL_I2C_transmitTargetDataCheck)
                  00000d68    00000024     rtc.o (.text.rtc_setHours)
                  00000d8c    00000024     rtc.o (.text.rtc_setMinutes)
                  00000db0    00000024     rtc.o (.text.rtc_setMonth)
                  00000dd4    00000024     rtc.o (.text.rtc_setSeconds)
                  00000df8    00000020     rtc.o (.text.rtc_setYear)
                  00000e18    00000018     rtc.o (.text.RTC_IRQHandler)
                  00000e30    00000018     ti_msp_dl_config.o (.text.SYSCFG_DL_RTC_init)
                  00000e48    00000018     ti_msp_dl_config.o (.text.SYSCFG_DL_init)
                  00000e60    00000014     rtc.o (.text.rtc_setOutCfg)
                  00000e74    00000014     libc.a : copy_zero_init.c.obj (.text:decompress:ZI:__TI_zero_init_nomemset)
                  00000e88    00000012            : copy_decompress_none.c.obj (.text:decompress:none)
                  00000e9a    00000002     --HOLE-- [fill = 0]
                  00000e9c    0000000c     rtc.o (.text.rtc_getDate)
                  00000ea8    0000000c     rtc.o (.text.rtc_getHours)
                  00000eb4    0000000c     rtc.o (.text.rtc_getMinutes)
                  00000ec0    0000000c     rtc.o (.text.rtc_getMonth)
                  00000ecc    0000000c     rtc.o (.text.rtc_getOutCfg)
                  00000ed8    0000000c     rtc.o (.text.rtc_getSeconds)
                  00000ee4    0000000c     rtc.o (.text.rtc_getWakeInt)
                  00000ef0    0000000c     rtc.o (.text.rtc_getWeekday)
                  00000efc    0000000c     rtc.o (.text.rtc_getYear)
                  00000f08    0000000a     driverlib.a : dl_common.o (.text.DL_Common_delayCycles)
                  00000f12    00000002     --HOLE-- [fill = 0]
                  00000f14    00000008     libclang_rt.builtins.a : aeabi_memcpy.S.obj (.text)
                  00000f1c    00000004     startup_mspm0g3507_ticlang.o (.text.Reset_Handler)
                  00000f20    00000004     libc.a : pre_init.c.obj (.text._system_pre_init)
                  00000f24    00000004            : exit.c.obj (.text:abort)

.cinit     0    00000f40    00000030     
                  00000f40    0000000c     (__TI_handler_table)
                  00000f4c    00000008     (.cinit..bss.load) [load image, compression = zero_init]
                  00000f54    00000006     (.cinit..data.load) [load image, compression = lzss]
                  00000f5a    00000002     --HOLE-- [fill = 0]
                  00000f5c    00000010     (__TI_cinit_table)
                  00000f6c    00000004     --HOLE-- [fill = 0]

.rodata    0    00000f28    00000018     
                  00000f28    0000000c     rtc.o (.rodata.RTC_BOUNDS_DATE_MONTH)
                  00000f34    00000003     ti_msp_dl_config.o (.rodata.gSYSCTLConfig)
                  00000f37    00000002     ti_msp_dl_config.o (.rodata.gI2C_targetClockConfig)
                  00000f39    00000007     --HOLE-- [fill = 0]

.init_array 
*          0    00000000    00000000     UNINITIALIZED

.bss       0    20200000    00000050     UNINITIALIZED
                  20200000    00000020     rtc.o (.bss.RTC_Registers)
                  20200020    0000001a     (.common:gRxPacket)
                  2020003a    00000001     (.common:gTxPacket)
                  2020003b    00000001     (.common:rtcFlag)
                  2020003c    00000004     rtc.o (.bss.nTicks)
                  20200040    00000008     rtc.o (.bss.rtcData)
                  20200048    00000004     rtc.o (.bss.perAlarmTicks)
                  2020004c    00000004     rtc.o (.bss.ticksPerSec)

.data      0    20200050    00000002     UNINITIALIZED
                  20200050    00000001     i2c_target.o (.data.gRxCount)
                  20200051    00000001     i2c_target.o (.data.regPointer)

.stack     0    20207e00    00000200     UNINITIALIZED
                  20207e00    00000004     libc.a : boot_cortex_m.c.obj (.stack)
                  20207e04    000001fc     --HOLE--

__llvm_prf_cnts 
*          0    20200000    00000000     UNINITIALIZED

__llvm_prf_bits 
*          0    20200000    00000000     UNINITIALIZED

MODULE SUMMARY

       Module                         code   ro data   rw data
       ------                         ----   -------   -------
    .\
       rtc.o                          1656   12        53     
       i2c_target.o                   562    0         29     
       mspm0-linux-rtc.o              112    0         0      
    +--+------------------------------+------+---------+---------+
       Total:                         2330   12        82     
                                                              
    .\syscfg\
       ti_msp_dl_config.o             352    5         0      
    +--+------------------------------+------+---------+---------+
       Total:                         352    5         0      
                                                              
    .\ticlang\
       startup_mspm0g3507_ticlang.o   6      192       0      
    +--+------------------------------+------+---------+---------+
       Total:                         6      192       0      
                                                              
    C:/ti/mspm0_sdk_0_52_00_03_eng/source/ti/driverlib/lib/ticlang/m0p/mspm0g/driverlib.a
       dl_rtc.o                       272    0         0      
       dl_sysctl_mspm0g.o             156    0         0      
       dl_i2c.o                       142    0         0      
       dl_common.o                    10     0         0      
    +--+------------------------------+------+---------+---------+
       Total:                         580    0         0      
                                                              
    C:\ti\ccs1210\ccs\tools\compiler\ti-cgt-armllvm_2.1.2.LTS\lib\armv6m-ti-none-eabi/c/libc.a
       memcpy16.S.obj                 154    0         0      
       copy_decompress_lzss.c.obj     104    0         0      
       autoinit.c.obj                 60     0         0      
       boot_cortex_m.c.obj            40     0         0      
       copy_zero_init.c.obj           20     0         0      
       copy_decompress_none.c.obj     18     0         0      
       exit.c.obj                     4      0         0      
       pre_init.c.obj                 4      0         0      
    +--+------------------------------+------+---------+---------+
       Total:                         404    0         0      
                                                              
    C:\ti\ccs1210\ccs\tools\compiler\ti-cgt-armllvm_2.1.2.LTS\lib\clang/14.0.6/lib/armv6m-ti-none-eabi/libclang_rt.builtins.a
       aeabi_memcpy.S.obj             8      0         0      
    +--+------------------------------+------+---------+---------+
       Total:                         8      0         0      
                                                              
       Stack:                         0      0         512    
       Linker Generated:              0      42        0      
    +--+------------------------------+------+---------+---------+
       Grand Total:                   3680   251       594    


LINKER GENERATED COPY TABLES

__TI_cinit_table @ 00000f5c records: 2, size/record: 8, table size: 16
	.bss: load addr=00000f4c, load size=00000008 bytes, run addr=20200000, run size=00000050 bytes, compression=zero_init
	.data: load addr=00000f54, load size=00000006 bytes, run addr=20200050, run size=00000002 bytes, compression=lzss


LINKER GENERATED HANDLER TABLE

__TI_handler_table @ 00000f40 records: 3, size/record: 4, table size: 12
	index: 0, handler: __TI_decompress_lzss
	index: 1, handler: __TI_decompress_none
	index: 2, handler: __TI_zero_init


GLOBAL SYMBOLS: SORTED ALPHABETICALLY BY Name 

address   name                                 
-------   ----                                 
000006bf  ADC0_IRQHandler                      
000006bf  ADC1_IRQHandler                      
000006bf  AES_IRQHandler                       
00000f24  C$$EXIT                              
000006bf  CANFD0_IRQHandler                    
000006bf  DAC0_IRQHandler                      
00000f09  DL_Common_delayCycles                
00000b91  DL_I2C_flushTargetTXFIFO             
00000d1d  DL_I2C_setClockConfig                
00000d45  DL_I2C_transmitTargetDataCheck       
0000088d  DL_RTC_getCalendarTime               
000007f9  DL_RTC_initCalendar                  
000009e1  DL_SYSCTL_setLFCLKSourceLFXT         
00000c55  DL_SYSCTL_switchMCLKfromLFCLKtoSYSOSC
000006bf  DMA_IRQHandler                       
000006bf  Default_Handler                      
000006bf  GROUP0_IRQHandler                    
000006bf  GROUP1_IRQHandler                    
000006bf  HardFault_Handler                    
000006bf  I2C0_IRQHandler                      
0000043d  I2C1_IRQHandler                      
000006bf  NMI_Handler                          
000006bf  PendSV_Handler                       
00000e19  RTC_IRQHandler                       
00000f1d  Reset_Handler                        
000006bf  SPI0_IRQHandler                      
000006bf  SPI1_IRQHandler                      
000006bf  SVC_Handler                          
00000bd5  SYSCFG_DL_GPIO_init                  
00000a41  SYSCFG_DL_I2C_target_init            
00000e31  SYSCFG_DL_RTC_init                   
00000a99  SYSCFG_DL_SYSCTL_init                
00000e49  SYSCFG_DL_init                       
00000c15  SYSCFG_DL_initPower                  
000006bf  SysTick_Handler                      
000006bf  TIMA0_IRQHandler                     
000006bf  TIMA1_IRQHandler                     
000006bf  TIMA2_IRQHandler                     
000006bf  TIMG0_IRQHandler                     
000006bf  TIMG10_IRQHandler                    
000006bf  TIMG1_IRQHandler                     
000006bf  TIMH0_IRQHandler                     
000006bf  UART0_IRQHandler                     
000006bf  UART1_IRQHandler                     
000006bf  UART2_IRQHandler                     
000006bf  UART3_IRQHandler                     
20208000  __STACK_END                          
00000200  __STACK_SIZE                         
00000f5c  __TI_CINIT_Base                      
00000f6c  __TI_CINIT_Limit                     
00000f6c  __TI_CINIT_Warm                      
00000f40  __TI_Handler_Table_Base              
00000f4c  __TI_Handler_Table_Limit             
00000c91  __TI_auto_init_nobinit_nopinit       
00000979  __TI_decompress_lzss                 
00000e89  __TI_decompress_none                 
ffffffff  __TI_pprof_out_hndl                  
ffffffff  __TI_prof_data_size                  
ffffffff  __TI_prof_data_start                 
00000000  __TI_static_base__                   
00000e75  __TI_zero_init_nomemset              
00000f15  __aeabi_memcpy                       
00000f15  __aeabi_memcpy4                      
00000f15  __aeabi_memcpy8                      
ffffffff  __binit__                            
UNDEFED   __mpu_init                           
20207e00  __stack                              
20200000  __start___llvm_prf_bits              
20200000  __start___llvm_prf_cnts              
20200000  __stop___llvm_prf_bits               
20200000  __stop___llvm_prf_cnts               
00000cf5  _c_int00_noargs                      
UNDEFED   _system_post_cinit                   
00000f21  _system_pre_init                     
00000f25  abort                                
ffffffff  binit                                
20200050  gRxCount                             
20200020  gRxPacket                            
2020003a  gTxPacket                            
00000619  i2c_targetRx                         
000006c1  i2c_targetTx                         
00000000  interruptVectors                     
00000909  main                                 
0000075d  memcpy                               
2020003b  rtcFlag                              
00000e9d  rtc_getDate                          
00000ea9  rtc_getHours                         
00000eb5  rtc_getMinutes                       
00000ec1  rtc_getMonth                         
00000ecd  rtc_getOutCfg                        
00000ed9  rtc_getSeconds                       
00000ee5  rtc_getWakeInt                       
00000ef1  rtc_getWeekday                       
00000efd  rtc_getYear                          
000000c1  rtc_init                             
000002a9  rtc_runRTC                           
00000b45  rtc_setDate                          
00000d69  rtc_setHours                         
00000d8d  rtc_setMinutes                       
00000db1  rtc_setMonth                         
00000e61  rtc_setOutCfg                        
00000dd5  rtc_setSeconds                       
0000052d  rtc_setWakeInt                       
00000ccd  rtc_setWeekday                       
00000df9  rtc_setYear                          


GLOBAL SYMBOLS: SORTED BY Symbol Address 

address   name                                 
-------   ----                                 
00000000  __TI_static_base__                   
00000000  interruptVectors                     
000000c1  rtc_init                             
00000200  __STACK_SIZE                         
000002a9  rtc_runRTC                           
0000043d  I2C1_IRQHandler                      
0000052d  rtc_setWakeInt                       
00000619  i2c_targetRx                         
000006bf  ADC0_IRQHandler                      
000006bf  ADC1_IRQHandler                      
000006bf  AES_IRQHandler                       
000006bf  CANFD0_IRQHandler                    
000006bf  DAC0_IRQHandler                      
000006bf  DMA_IRQHandler                       
000006bf  Default_Handler                      
000006bf  GROUP0_IRQHandler                    
000006bf  GROUP1_IRQHandler                    
000006bf  HardFault_Handler                    
000006bf  I2C0_IRQHandler                      
000006bf  NMI_Handler                          
000006bf  PendSV_Handler                       
000006bf  SPI0_IRQHandler                      
000006bf  SPI1_IRQHandler                      
000006bf  SVC_Handler                          
000006bf  SysTick_Handler                      
000006bf  TIMA0_IRQHandler                     
000006bf  TIMA1_IRQHandler                     
000006bf  TIMA2_IRQHandler                     
000006bf  TIMG0_IRQHandler                     
000006bf  TIMG10_IRQHandler                    
000006bf  TIMG1_IRQHandler                     
000006bf  TIMH0_IRQHandler                     
000006bf  UART0_IRQHandler                     
000006bf  UART1_IRQHandler                     
000006bf  UART2_IRQHandler                     
000006bf  UART3_IRQHandler                     
000006c1  i2c_targetTx                         
0000075d  memcpy                               
000007f9  DL_RTC_initCalendar                  
0000088d  DL_RTC_getCalendarTime               
00000909  main                                 
00000979  __TI_decompress_lzss                 
000009e1  DL_SYSCTL_setLFCLKSourceLFXT         
00000a41  SYSCFG_DL_I2C_target_init            
00000a99  SYSCFG_DL_SYSCTL_init                
00000b45  rtc_setDate                          
00000b91  DL_I2C_flushTargetTXFIFO             
00000bd5  SYSCFG_DL_GPIO_init                  
00000c15  SYSCFG_DL_initPower                  
00000c55  DL_SYSCTL_switchMCLKfromLFCLKtoSYSOSC
00000c91  __TI_auto_init_nobinit_nopinit       
00000ccd  rtc_setWeekday                       
00000cf5  _c_int00_noargs                      
00000d1d  DL_I2C_setClockConfig                
00000d45  DL_I2C_transmitTargetDataCheck       
00000d69  rtc_setHours                         
00000d8d  rtc_setMinutes                       
00000db1  rtc_setMonth                         
00000dd5  rtc_setSeconds                       
00000df9  rtc_setYear                          
00000e19  RTC_IRQHandler                       
00000e31  SYSCFG_DL_RTC_init                   
00000e49  SYSCFG_DL_init                       
00000e61  rtc_setOutCfg                        
00000e75  __TI_zero_init_nomemset              
00000e89  __TI_decompress_none                 
00000e9d  rtc_getDate                          
00000ea9  rtc_getHours                         
00000eb5  rtc_getMinutes                       
00000ec1  rtc_getMonth                         
00000ecd  rtc_getOutCfg                        
00000ed9  rtc_getSeconds                       
00000ee5  rtc_getWakeInt                       
00000ef1  rtc_getWeekday                       
00000efd  rtc_getYear                          
00000f09  DL_Common_delayCycles                
00000f15  __aeabi_memcpy                       
00000f15  __aeabi_memcpy4                      
00000f15  __aeabi_memcpy8                      
00000f1d  Reset_Handler                        
00000f21  _system_pre_init                     
00000f24  C$$EXIT                              
00000f25  abort                                
00000f40  __TI_Handler_Table_Base              
00000f4c  __TI_Handler_Table_Limit             
00000f5c  __TI_CINIT_Base                      
00000f6c  __TI_CINIT_Limit                     
00000f6c  __TI_CINIT_Warm                      
20200000  __start___llvm_prf_bits              
20200000  __start___llvm_prf_cnts              
20200000  __stop___llvm_prf_bits               
20200000  __stop___llvm_prf_cnts               
20200020  gRxPacket                            
2020003a  gTxPacket                            
2020003b  rtcFlag                              
20200050  gRxCount                             
20207e00  __stack                              
20208000  __STACK_END                          
ffffffff  __TI_pprof_out_hndl                  
ffffffff  __TI_prof_data_size                  
ffffffff  __TI_prof_data_start                 
ffffffff  __binit__                            
ffffffff  binit                                
UNDEFED   __mpu_init                           
UNDEFED   _system_post_cinit                   

[105 symbols]
